===== 1. cargo test -p topology-routing output_to_output_connection_is_rejected_before_mutation -- --exact --nocapture (exit 0) =====
    Finished `test` profile [unoptimized + debuginfo] target(s) in 0.09s
     Running unittests src/lib.rs (target/debug/deps/topology_routing-c46a3f50ed30d218)

running 0 tests

test result: ok. 0 passed; 0 failed; 0 ignored; 0 measured; 0 filtered out; finished in 0.00s

     Running tests/node_identity.rs (target/debug/deps/node_identity-36d2c0a98f51d599)

running 0 tests
test result: ok. 0 passed; 0 failed; 0 ignored; 0 measured; 1 filtered out; finished in 0.00s

     Running tests/serial_connection.rs (target/debug/deps/serial_connection-da1b714fc803dd8f)

running 1 test
test output_to_output_connection_is_rejected_before_mutation ... ok

test result: ok. 1 passed; 0 failed; 0 ignored; 0 measured; 2 filtered out; finished in 0.00s

===== 2. cargo test -p topology-routing (exit 0) =====
    Finished `test` profile [unoptimized + debuginfo] target(s) in 0.00s
     Running unittests src/lib.rs (target/debug/deps/topology_routing-c46a3f50ed30d218)

running 0 tests

test result: ok. 0 passed; 0 failed; 0 ignored; 0 measured; 0 filtered out; finished in 0.00s

     Running tests/node_identity.rs (target/debug/deps/node_identity-36d2c0a98f51d599)

running 1 test
test moving_a_node_preserves_its_stable_identity ... ok

test result: ok. 1 passed; 0 failed; 0 ignored; 0 measured; 0 filtered out; finished in 0.00s

     Running tests/serial_connection.rs (target/debug/deps/serial_connection-da1b714fc803dd8f)

running 3 tests
test output_to_output_connection_is_rejected_before_mutation ... ok
test connection_direction_is_enforced_before_mutation ... ok
test valid_serial_connection_is_queryable_from_both_ends ... ok

test result: ok. 3 passed; 0 failed; 0 ignored; 0 measured; 0 filtered out; finished in 0.00s

   Doc-tests topology_routing

running 0 tests

test result: ok. 0 passed; 0 failed; 0 ignored; 0 measured; 0 filtered out; finished in 0.00s

===== 3. cargo fmt --all -- --check (initial probe; exit 1) =====
Diff in /Users/benzo/Desktop/Topology_Codex_Starter_Kit_v1/crates/topology_routing/tests/serial_connection.rs:112:
     let destination_node = Node::with_ports(
         destination_node_id.clone(),
         GridPosition::new(0, 1),
-        [Port::new(destination_port_id.clone(), PortDirection::Output)],
+        [Port::new(
+            destination_port_id.clone(),
+            PortDirection::Output,
+        )],
     )
     .expect("destination node ports should be unique");

===== 4. cargo fmt --all (mechanical correction; exit 0) =====

===== 5. cargo test -p topology-routing output_to_output_connection_is_rejected_before_mutation -- --exact --nocapture (exit 0) =====
    Finished `test` profile [unoptimized + debuginfo] target(s) in 0.09s
     Running unittests src/lib.rs (target/debug/deps/topology_routing-c46a3f50ed30d218)

running 0 tests

test result: ok. 0 passed; 0 failed; 0 ignored; 0 measured; 0 filtered out; finished in 0.00s

     Running tests/node_identity.rs (target/debug/deps/node_identity-36d2c0a98f51d599)

running 0 tests
test result: ok. 0 passed; 0 failed; 0 ignored; 0 measured; 1 filtered out; finished in 0.00s

     Running tests/serial_connection.rs (target/debug/deps/serial_connection-da1b714fc803dd8f)

running 1 test
test output_to_output_connection_is_rejected_before_mutation ... ok

test result: ok. 1 passed; 0 failed; 0 ignored; 0 measured; 2 filtered out; finished in 0.00s

===== 6. cargo test -p topology-routing (exit 0) =====
    Finished `test` profile [unoptimized + debuginfo] target(s) in 0.00s
     Running unittests src/lib.rs (target/debug/deps/topology_routing-c46a3f50ed30d218)

running 0 tests

test result: ok. 0 passed; 0 failed; 0 ignored; 0 measured; 0 filtered out; finished in 0.00s

     Running tests/node_identity.rs (target/debug/deps/node_identity-36d2c0a98f51d599)

running 1 test
test moving_a_node_preserves_its_stable_identity ... ok

test result: ok. 1 passed; 0 failed; 0 ignored; 0 measured; 0 filtered out; finished in 0.00s

     Running tests/serial_connection.rs (target/debug/deps/serial_connection-da1b714fc803dd8f)

running 3 tests
test output_to_output_connection_is_rejected_before_mutation ... ok
test connection_direction_is_enforced_before_mutation ... ok
test valid_serial_connection_is_queryable_from_both_ends ... ok

test result: ok. 3 passed; 0 failed; 0 ignored; 0 measured; 0 filtered out; finished in 0.00s

   Doc-tests topology_routing

running 0 tests

test result: ok. 0 passed; 0 failed; 0 ignored; 0 measured; 0 filtered out; finished in 0.00s

===== 7. cargo fmt --all -- --check (exit 0) =====

===== 8. cargo clippy -p topology-routing --all-targets -- -D warnings (exit 0) =====
    Checking topology-routing v0.0.0 (/Users/benzo/Desktop/Topology_Codex_Starter_Kit_v1/crates/topology_routing)
    Finished `dev` profile [unoptimized + debuginfo] target(s) in 0.14s
