===== 1. cargo test -p topology-routing valid_serial_connection_is_queryable_from_both_ends -- --exact --nocapture (exit 0) =====
   Compiling topology-routing v0.0.0 (/Users/benzo/Desktop/Topology_Codex_Starter_Kit_v1/crates/topology_routing)
    Finished `test` profile [unoptimized + debuginfo] target(s) in 0.22s
     Running unittests src/lib.rs (target/debug/deps/topology_routing-c46a3f50ed30d218)

running 0 tests

test result: ok. 0 passed; 0 failed; 0 ignored; 0 measured; 0 filtered out; finished in 0.00s

     Running tests/node_identity.rs (target/debug/deps/node_identity-36d2c0a98f51d599)

running 0 tests
test result: ok. 0 passed; 0 failed; 0 ignored; 0 measured; 1 filtered out; finished in 0.00s

     Running tests/serial_connection.rs (target/debug/deps/serial_connection-da1b714fc803dd8f)

running 1 test
test valid_serial_connection_is_queryable_from_both_ends ... ok

test result: ok. 1 passed; 0 failed; 0 ignored; 0 measured; 1 filtered out; finished in 0.00s

===== 2. cargo test -p topology-routing (exit 0) =====
    Finished `test` profile [unoptimized + debuginfo] target(s) in 0.00s
     Running unittests src/lib.rs (target/debug/deps/topology_routing-c46a3f50ed30d218)

running 0 tests

test result: ok. 0 passed; 0 failed; 0 ignored; 0 measured; 0 filtered out; finished in 0.00s

     Running tests/node_identity.rs (target/debug/deps/node_identity-36d2c0a98f51d599)

running 1 test
test moving_a_node_preserves_its_stable_identity ... ok

test result: ok. 1 passed; 0 failed; 0 ignored; 0 measured; 0 filtered out; finished in 0.00s

     Running tests/serial_connection.rs (target/debug/deps/serial_connection-da1b714fc803dd8f)

running 2 tests
test connection_direction_is_enforced_before_mutation ... ok
test valid_serial_connection_is_queryable_from_both_ends ... ok

test result: ok. 2 passed; 0 failed; 0 ignored; 0 measured; 0 filtered out; finished in 0.00s

   Doc-tests topology_routing

running 0 tests

test result: ok. 0 passed; 0 failed; 0 ignored; 0 measured; 0 filtered out; finished in 0.00s

===== 3. cargo fmt --all -- --check (initial probe; exit 1) =====
Diff in /Users/benzo/Desktop/Topology_Codex_Starter_Kit_v1/crates/topology_routing/src/graph.rs:212:
     ///
     /// Exact duplicates are rejected so callers cannot accidentally count one
     /// signal path more than once.
-    pub fn connect(
-        &mut self,
-        source: PortRef,
-        destination: PortRef,
-    ) -> Result<(), GraphError> {
+    pub fn connect(&mut self, source: PortRef, destination: PortRef) -> Result<(), GraphError> {
         let source_direction = self.port_direction(&source)?;
         if source_direction != PortDirection::Output {
             return Err(GraphError::PortDirectionMismatch {
Diff in /Users/benzo/Desktop/Topology_Codex_Starter_Kit_v1/crates/topology_routing/tests/serial_connection.rs:72:
     .expect("amp node ports should be unique");
 
     let mut graph = Graph::new();
-    graph.insert(input_node).expect("input node insertion should succeed");
-    graph.insert(amp_node).expect("amp node insertion should succeed");
+    graph
+        .insert(input_node)
+        .expect("input node insertion should succeed");
+    graph
+        .insert(amp_node)
+        .expect("amp node insertion should succeed");
 
     let source = PortRef::new(input_node_id, input_port_id);
     let destination = PortRef::new(amp_node_id, amp_port_id);
Diff in /Users/benzo/Desktop/Topology_Codex_Starter_Kit_v1/crates/topology_routing/tests/serial_connection.rs:80:
 
-    assert!(reversed.is_err(), "input-to-output connections must be rejected");
-    assert!(graph.connections().next().is_none(), "rejected connections must not mutate the graph");
+    assert!(
+        reversed.is_err(),
+        "input-to-output connections must be rejected"
+    );
+    assert!(
+        graph.connections().next().is_none(),
+        "rejected connections must not mutate the graph"
+    );

===== 4. cargo fmt --all (mechanical correction; exit 0) =====

===== 5. cargo fmt --all -- --check (final; exit 0) =====

===== 6. cargo clippy -p topology-routing --all-targets -- -D warnings (exit 0) =====
    Checking topology-routing v0.0.0 (/Users/benzo/Desktop/Topology_Codex_Starter_Kit_v1/crates/topology_routing)
    Finished `dev` profile [unoptimized + debuginfo] target(s) in 0.06s
