=== 1. cargo test -p topology-device-registry ===
    Finished `test` profile [unoptimized + debuginfo] target(s) in 0.00s
     Running unittests src/lib.rs (target/debug/deps/topology_device_registry-97254bba6648ea18)

running 0 tests

test result: ok. 0 passed; 0 failed; 0 ignored; 0 measured; 0 filtered out; finished in 0.00s

     Running tests/exact_resolution.rs (target/debug/deps/exact_resolution-9b028df445d2f514)

running 1 test
test exact_profile_match_can_enable_write ... ok

test result: ok. 1 passed; 0 failed; 0 ignored; 0 measured; 0 filtered out; finished in 0.00s

   Doc-tests topology_device_registry

running 0 tests

test result: ok. 0 passed; 0 failed; 0 ignored; 0 measured; 0 filtered out; finished in 0.00s

=== 2. cargo test -p topology-domain ===
    Finished `test` profile [unoptimized + debuginfo] target(s) in 0.00s
     Running unittests src/lib.rs (target/debug/deps/topology_domain-99e3311830c6fd81)

running 0 tests

test result: ok. 0 passed; 0 failed; 0 ignored; 0 measured; 0 filtered out; finished in 0.00s

     Running tests/device_family_id.rs (target/debug/deps/device_family_id-5a19de3267e5069d)

running 1 test
test blank_device_family_id_is_rejected ... ok

test result: ok. 1 passed; 0 failed; 0 ignored; 0 measured; 0 filtered out; finished in 0.00s

     Running tests/device_identity.rs (target/debug/deps/device_identity-053c242b435d8b7d)

running 1 test
test device_identity_does_not_imply_write_capability ... ok

test result: ok. 1 passed; 0 failed; 0 ignored; 0 measured; 0 filtered out; finished in 0.00s

     Running tests/firmware_id.rs (target/debug/deps/firmware_id-3acdf9fb169da496)

running 1 test
test firmware_id_preserves_nonblank_vendor_text ... ok

test result: ok. 1 passed; 0 failed; 0 ignored; 0 measured; 0 filtered out; finished in 0.00s

     Running tests/harness.rs (target/debug/deps/harness-d012a4a7d28c0870)

running 1 test
test harness_compiles ... ok

test result: ok. 1 passed; 0 failed; 0 ignored; 0 measured; 0 filtered out; finished in 0.00s

   Doc-tests topology_domain

running 0 tests

test result: ok. 0 passed; 0 failed; 0 ignored; 0 measured; 0 filtered out; finished in 0.00s

=== 3. cargo fmt --all -- --check ===
=== 4. cargo clippy -p topology-device-registry --all-targets -- -D warnings ===
    Checking topology-device-registry v0.0.0 (/Users/benzo/Desktop/Topology_Codex_Starter_Kit_v1/crates/topology_device_registry)
    Finished `dev` profile [unoptimized + debuginfo] target(s) in 0.11s
