command 1: cargo test -p topology-command-engine
   Compiling topology-command-engine v0.1.0 (/Users/benzo/Desktop/Topology_Codex_Starter_Kit_v1/crates/topology_command_engine)
    Finished `test` profile [unoptimized + debuginfo] target(s) in 0.10s
     Running unittests src/lib.rs (target/debug/deps/topology_command_engine-ae19bf2568d195b3)

running 0 tests

test result: ok. 0 passed; 0 failed; 0 ignored; 0 measured; 0 filtered out; finished in 0.00s

     Running tests/parameter_mutation.rs (target/debug/deps/parameter_mutation-e9001a1fdae2a7c6)

running 1 test
test valid_parameter_mutation_is_typed_but_not_encoded ... ok

test result: ok. 1 passed; 0 failed; 0 ignored; 0 measured; 0 filtered out; finished in 0.00s

     Running tests/read_only.rs (target/debug/deps/read_only-42e7fd7bd5899f04)

running 2 tests
test read_only_session_cannot_plan_a_write ... ok
test read_only_status_cannot_plan_a_write_even_if_capability_is_true ... ok

test result: ok. 2 passed; 0 failed; 0 ignored; 0 measured; 0 filtered out; finished in 0.00s

   Doc-tests topology_command_engine

running 0 tests

test result: ok. 0 passed; 0 failed; 0 ignored; 0 measured; 0 filtered out; finished in 0.00s

command 2: cargo test -p topology-device-registry
    Finished `test` profile [unoptimized + debuginfo] target(s) in 0.01s
     Running unittests src/lib.rs (target/debug/deps/topology_device_registry-97254bba6648ea18)

running 0 tests

test result: ok. 0 passed; 0 failed; 0 ignored; 0 measured; 0 filtered out; finished in 0.00s

     Running tests/exact_resolution.rs (target/debug/deps/exact_resolution-9b028df445d2f514)

running 1 test
test exact_profile_match_can_enable_write ... ok

test result: ok. 1 passed; 0 failed; 0 ignored; 0 measured; 0 filtered out; finished in 0.00s

     Running tests/numeric_parameter_metadata.rs (target/debug/deps/numeric_parameter_metadata-e0d3b5d389138235)

running 1 test
test exact_numeric_parameter_metadata_is_profile_owned ... ok

test result: ok. 1 passed; 0 failed; 0 ignored; 0 measured; 0 filtered out; finished in 0.00s

     Running tests/unknown_firmware.rs (target/debug/deps/unknown_firmware-8a1183c811524ae8)

running 1 test
test unknown_firmware_never_inherits_write_capability ... ok

test result: ok. 1 passed; 0 failed; 0 ignored; 0 measured; 0 filtered out; finished in 0.00s

   Doc-tests topology_device_registry

running 0 tests

test result: ok. 0 passed; 0 failed; 0 ignored; 0 measured; 0 filtered out; finished in 0.00s

command 3: cargo fmt --all -- --check
command 4: cargo clippy -p topology-command-engine --all-targets -- -D warnings
    Blocking waiting for file lock on package cache
    Checking topology-command-engine v0.1.0 (/Users/benzo/Desktop/Topology_Codex_Starter_Kit_v1/crates/topology_command_engine)
    Finished `dev` profile [unoptimized + debuginfo] target(s) in 0.16s
