$ cargo test -p topology-preset
    Finished `test` profile [unoptimized + debuginfo] target(s) in 0.00s
     Running unittests src/lib.rs (target/debug/deps/topology_preset-5baa300de8be2cb1)

running 0 tests

test result: ok. 0 passed; 0 failed; 0 ignored; 0 measured; 0 filtered out; finished in 0.00s

     Running tests/container_roundtrip.rs (target/debug/deps/container_roundtrip-b5940cbbb27d72a3)

running 2 tests
test offline_container_rejects_truncated_input_without_panic ... ok
test offline_container_preserves_normalized_and_opaque_data ... ok

test result: ok. 2 passed; 0 failed; 0 ignored; 0 measured; 0 filtered out; finished in 0.00s

     Running tests/opaque_segment.rs (target/debug/deps/opaque_segment-82aab21bf6fdbf2e)

running 1 test
test editing_known_field_preserves_opaque_segment_exactly ... ok

test result: ok. 1 passed; 0 failed; 0 ignored; 0 measured; 0 filtered out; finished in 0.00s

   Doc-tests topology_preset

running 0 tests

test result: ok. 0 passed; 0 failed; 0 ignored; 0 measured; 0 filtered out; finished in 0.00s

$ cargo fmt --all -- --check
$ cargo clippy -p topology-preset --all-targets -- -D warnings
    Checking topology-preset v0.0.0 (/Users/benzo/Desktop/Topology_Codex_Starter_Kit_v1/crates/topology_preset)
    Finished `dev` profile [unoptimized + debuginfo] target(s) in 0.06s
