   Compiling topology-devtools v0.0.0 (/Users/benzo/Desktop/Topology_Codex_Starter_Kit_v1/crates/topology_devtools)
    Finished `test` profile [unoptimized + debuginfo] target(s) in 0.19s
     Running unittests src/lib.rs (target/debug/deps/topology_devtools-e1413002f7836335)

running 0 tests

test result: ok. 0 passed; 0 failed; 0 ignored; 0 measured; 0 filtered out; finished in 0.00s

     Running tests/asset_policy.rs (target/debug/deps/asset_policy-463b93a59fa8d272)

running 0 tests

test result: ok. 0 passed; 0 failed; 0 ignored; 0 measured; 1 filtered out; finished in 0.00s

     Running tests/evidence_validation.rs (target/debug/deps/evidence_validation-105bef23debfb9b2)

running 0 tests

test result: ok. 0 passed; 0 failed; 0 ignored; 0 measured; 1 filtered out; finished in 0.00s

     Running tests/fixture_cli.rs (target/debug/deps/fixture_cli-2aeffff6fc27b2bb)

running 1 test

thread 'fixture_cli_returns_truthful_exit_status' (9903336) panicked at crates/topology_devtools/tests/fixture_cli.rs:52:10:
Cargo must expose the topology-devtools binary to integration tests: NotPresent
note: run with `RUST_BACKTRACE=1` environment variable to display a backtrace
test fixture_cli_returns_truthful_exit_status ... FAILED

failures:

failures:
    fixture_cli_returns_truthful_exit_status

test result: FAILED. 0 passed; 1 failed; 0 ignored; 0 measured; 0 filtered out; finished in 0.00s

error: test failed, to rerun pass `-p topology-devtools --test fixture_cli`
