$ cargo test -p topology-devtools
    Finished `test` profile [unoptimized + debuginfo] target(s) in 0.00s
     Running unittests src/lib.rs (target/debug/deps/topology_devtools-e1413002f7836335)

running 0 tests

test result: ok. 0 passed; 0 failed; 0 ignored; 0 measured; 0 filtered out; finished in 0.00s

     Running unittests src/bin/topology-devtools.rs (target/debug/deps/topology_devtools-7df632192ecd6b01)

running 0 tests

test result: ok. 0 passed; 0 failed; 0 ignored; 0 measured; 0 filtered out; finished in 0.00s

     Running tests/asset_policy.rs (target/debug/deps/asset_policy-4f8fec611b7eec82)

running 1 test
test production_svg_asset_is_rejected ... ok

test result: ok. 1 passed; 0 failed; 0 ignored; 0 measured; 0 filtered out; finished in 0.00s

     Running tests/evidence_validation.rs (target/debug/deps/evidence_validation-15302ed9bda52944)

running 1 test
test completed_evidence_without_red_log_is_rejected ... ok

test result: ok. 1 passed; 0 failed; 0 ignored; 0 measured; 0 filtered out; finished in 0.00s

     Running tests/fixture_cli.rs (target/debug/deps/fixture_cli-e2efa203b4f2aeaa)

running 1 test
test fixture_cli_returns_truthful_exit_status ... ok

test result: ok. 1 passed; 0 failed; 0 ignored; 0 measured; 0 filtered out; finished in 0.33s

     Running tests/fixture_validation.rs (target/debug/deps/fixture_validation-8bec80f7ad19af03)

running 1 test
test fixture_without_redistribution_permission_is_rejected ... ok

test result: ok. 1 passed; 0 failed; 0 ignored; 0 measured; 0 filtered out; finished in 0.00s

     Running tests/work_item_validation.rs (target/debug/deps/work_item_validation-9decf9411b0ded6d)

running 2 tests
test missing_id_is_rejected ... ok
test valid_companion_packet_is_accepted ... ok

test result: ok. 2 passed; 0 failed; 0 ignored; 0 measured; 0 filtered out; finished in 0.00s

   Doc-tests topology_devtools

running 0 tests

test result: ok. 0 passed; 0 failed; 0 ignored; 0 measured; 0 filtered out; finished in 0.00s

$ cargo fmt --all -- --check
$ cargo clippy -p topology-devtools --all-targets -- -D warnings
    Checking topology-devtools v0.0.0 (/Users/benzo/Desktop/Topology_Codex_Starter_Kit_v1/crates/topology_devtools)
    Finished `dev` profile [unoptimized + debuginfo] target(s) in 0.06s
