Initial fail-fast required sweep before test-only rustfmt correction:

    Finished `test` profile [unoptimized + debuginfo] target(s) in 0.00s
     Running unittests src/lib.rs (target/debug/deps/topology_routing-c46a3f50ed30d218)

running 0 tests
test result: ok. 0 passed; 0 failed; 0 ignored; 0 measured; 0 filtered out; finished in 0.00s

     Running tests/cycle.rs (target/debug/deps/cycle-0dcea2d7460afc65)
running 1 test
test prohibited_cycle_is_rejected_without_mutating_graph ... ok
test result: ok. 1 passed; 0 failed; 0 ignored; 0 measured; 0 filtered out; finished in 0.00s

     Running tests/missing_endpoint.rs (target/debug/deps/missing_endpoint-192dfdf7898586ca)
running 1 test
test missing_source_connection_is_rejected_without_mutation ... ok
test result: ok. 1 passed; 0 failed; 0 ignored; 0 measured; 0 filtered out; finished in 0.00s

     Running tests/node_identity.rs (target/debug/deps/node_identity-36d2c0a98f51d599)
running 1 test
test moving_a_node_preserves_its_stable_identity ... ok
test result: ok. 1 passed; 0 failed; 0 ignored; 0 measured; 0 filtered out; finished in 0.00s

     Running tests/serial_connection.rs (target/debug/deps/serial_connection-da1b714fc803dd8f)
running 3 tests
test connection_direction_is_enforced_before_mutation ... ok
test output_to_output_connection_is_rejected_before_mutation ... ok
test valid_serial_connection_is_queryable_from_both_ends ... ok
test result: ok. 3 passed; 0 failed; 0 ignored; 0 measured; 0 filtered out; finished in 0.00s

     Running tests/traversal.rs (target/debug/deps/traversal-e31094a548ebb470)
running 1 test
test topological_traversal_is_deterministic_across_insertion_order ... ok
test result: ok. 1 passed; 0 failed; 0 ignored; 0 measured; 0 filtered out; finished in 0.00s

   Doc-tests topology_routing
running 0 tests
test result: ok. 0 passed; 0 failed; 0 ignored; 0 measured; 0 filtered out; finished in 0.00s

Diff in /Users/benzo/Desktop/Topology_Codex_Starter_Kit_v1/crates/topology_routing/tests/traversal.rs:18:
     PortRef::new(NodeId::new(node_id), PortId::new(port_id))
 }

-fn graph_with_insertion_order(
-    node_order: &[&str],
-    connection_order: &[(&str, &str)],
-) -> Graph {
+fn graph_with_insertion_order(node_order: &[&str], connection_order: &[(&str, &str)]) -> Graph {
     let mut graph = Graph::new();
     for (column, id) in node_order.iter().enumerate() {
         graph
Diff in /Users/benzo/Desktop/Topology_Codex_Starter_Kit_v1/crates/topology_routing/tests/traversal.rs:39:
     let first = graph_with_insertion_order(
-        &["output", "branch-b", "split", "branch-a", "input", "isolated"],
         &[
+            "output", "branch-b", "split", "branch-a", "input", "isolated",
+        ],
+        &[
             ("input", "split"),
             ("split", "branch-b"),
             ("split", "branch-a"),
             ("branch-b", "output"),
Diff in /Users/benzo/Desktop/Topology_Codex_Starter_Kit_v1/crates/topology_routing/tests/traversal.rs:49:
     let second = graph_with_insertion_order(
-        &["input", "branch-a", "branch-b", "split", "output", "isolated"],
         &[
+            "input", "branch-a", "branch-b", "split", "output", "isolated",
+        ],
+        &[
             ("branch-a", "output"),
             ("split", "branch-a"),
             ("input", "split"),
Diff in /Users/benzo/Desktop/Topology_Codex_Starter_Kit_v1/crates/topology_routing/tests/traversal.rs:63:
     let second_order = second.topological_traversal();

     assert_eq!(
-        first_order,
-        second_order,
+        first_order, second_order,
         "equivalent graphs must produce the same traversal regardless of insertion order"
     );
Diff in /Users/benzo/Desktop/Topology_Codex_Starter_Kit_v1/crates/topology_routing/tests/traversal.rs:84:
     assert_eq!(
         first_order.len(),
         6,
         "a traversal must contain every graph node exactly once"
     );
-    let unique_nodes = first_order.iter().collect::<std::collections::BTreeSet<_>>();
+    let unique_nodes = first_order
         .iter()
         .collect::<std::collections::BTreeSet<_>>();

The fail-fast shell stopped at the formatter check, so clippy was not run in this initial attempt.
