$ cargo test -p topology-devtools
    Finished `test` profile [unoptimized + debuginfo] target(s) in 0.00s
     Running unittests src/lib.rs (target/debug/deps/topology_devtools-e1413002f7836335)

running 0 tests

test result: ok. 0 passed; 0 failed; 0 ignored; 0 measured; 0 filtered out; finished in 0.00s

     Running tests/evidence_validation.rs (target/debug/deps/evidence_validation-105bef23debfb9b2)

running 1 test
test completed_evidence_without_red_log_is_rejected ... ok

test result: ok. 1 passed; 0 failed; 0 ignored; 0 measured; 0 filtered out; finished in 0.00s

     Running tests/fixture_validation.rs (target/debug/deps/fixture_validation-c34b2571a517950e)

running 1 test
test fixture_without_redistribution_permission_is_rejected ... ok

test result: ok. 1 passed; 0 failed; 0 ignored; 0 measured; 0 filtered out; finished in 0.00s

     Running tests/work_item_validation.rs (target/debug/deps/work_item_validation-e75870aa92cb986b)

running 2 tests
test missing_id_is_rejected ... ok
test valid_companion_packet_is_accepted ... ok

test result: ok. 2 passed; 0 failed; 0 ignored; 0 measured; 0 filtered out; finished in 0.00s

   Doc-tests topology_devtools

running 0 tests

test result: ok. 0 passed; 0 failed; 0 ignored; 0 measured; 0 filtered out; finished in 0.00s

$ cargo fmt --all -- --check
$ cargo clippy -p topology-devtools --all-targets -- -D warnings
    Checking topology-devtools v0.0.0 (/Users/benzo/Desktop/Topology_Codex_Starter_Kit_v1/crates/topology_devtools)
    Finished `dev` profile [unoptimized + debuginfo] target(s) in 0.13s
