>>> CARGO_TARGET_DIR=/tmp/rigwarden-e2e000-correction-target cargo test -p topology-bridge
test result: ok. 0 passed; 0 failed; 0 ignored; 0 measured; 0 filtered out; finished in 0.00s (unit/doc tests)
rust_authored_serial_route_snapshot_is_stable ... ok
synthetic_parameter_edit_confirms_then_undo_restores_prior_value ... ok
<<< status 0
>>> CARGO_TARGET_DIR=/tmp/rigwarden-e2e000-correction-target cargo test -p topology-command-engine
test result: ok. 0 passed; 0 failed; 0 ignored; 0 measured; 0 filtered out; finished in 0.00s (unit/doc tests)
equivalent_mutation_sets_produce_same_operation_order ... ok
valid_parameter_mutation_is_typed_but_not_encoded ... ok
read_only_status_cannot_plan_a_write_even_if_capability_is_true ... ok
read_only_session_cannot_plan_a_write ... ok
stale_response_cannot_confirm_new_connection_request ... ok
<<< status 0
>>> CARGO_TARGET_DIR=/tmp/rigwarden-e2e000-correction-target cargo test -p topology-simulator
test result: ok. 0 passed; 0 failed; 0 ignored; 0 measured; 0 filtered out; finished in 0.00s
scripted_exchange_correlates_expected_response ... ok
<<< status 0
>>> CARGO_TARGET_DIR=/tmp/rigwarden-e2e000-correction-target cargo test -p topology-undo
test result: ok. 0 passed; 0 failed; 0 ignored; 0 measured; 0 filtered out; finished in 0.00s
preset_change_creates_isolated_journal_branch ... ok
undo_entry_uses_confirmed_previous_value ... ok
confirmed_entry_reloads_from_a_local_snapshot_after_restart_simulation ... ok
preexisting_snapshot_temp_symlink_never_overwrites_external_target ... ok
confirmed_entry_survives_deterministic_save_reload ... ok
confirmed_undo_restores_exact_prior_value_only_after_confirmation ... ok
undo_proposal_cannot_confirm_against_another_journal ... ok
<<< status 0
>>> cargo fmt --all -- --check
canonical workspace formatter process remained in rustfmt over the shared worktree for more than four minutes; parent terminated it. Status: BLOCKED_ENVIRONMENT. No formatter pass is claimed here.
>>> CARGO_TARGET_DIR=/tmp/rigwarden-e2e000-correction-target cargo clippy -p topology-bridge --all-targets -- -D warnings
Finished `dev` profile [unoptimized + debuginfo] target(s) in 2m 14s
<<< status 0
>>> rustfmt --edition 2021 --check crates/topology_bridge/src/lib.rs crates/topology_bridge/src/simulated_edit.rs crates/topology_bridge/tests/simulated_edit.rs
<<< status 0
