$ cargo test -p topology-routing
    Finished `test` profile [unoptimized + debuginfo] target(s) in 0.00s
     Running unittests src/lib.rs (target/debug/deps/topology_routing-c46a3f50ed30d218)

running 0 tests

test result: ok. 0 passed; 0 failed; 0 ignored; 0 measured; 0 filtered out; finished in 0.00s

     Running tests/node_identity.rs (target/debug/deps/node_identity-36d2c0a98f51d599)

running 1 test
test moving_a_node_preserves_its_stable_identity ... ok

test result: ok. 1 passed; 0 failed; 0 ignored; 0 measured; 0 filtered out; finished in 0.00s

   Doc-tests topology_routing

running 0 tests

test result: ok. 0 passed; 0 failed; 0 ignored; 0 measured; 0 filtered out; finished in 0.00s

$ cargo fmt --all -- --check
Diff in /Users/benzo/Desktop/Topology_Codex_Starter_Kit_v1/crates/topology_routing/src/graph.rs:121:
     }
 
     /// Move a node while retaining its stable identity.
-    pub fn move_node(
-        &mut self,
-        id: &NodeId,
-        position: GridPosition,
-    ) -> Result<(), GraphError> {
+    pub fn move_node(&mut self, id: &NodeId, position: GridPosition) -> Result<(), GraphError> {
         let node = self
             .nodes
             .get_mut(id)
             .ok_or_else(|| GraphError::NodeNotFound(id.clone()))?;
Diff in /Users/benzo/Desktop/Topology_Codex_Starter_Kit_v1/crates/topology_routing/tests/node_identity.rs:13:
         .move_node(&node_id, GridPosition::new(4, 5))
         .expect("moving an existing node should succeed");
 
-    let moved = graph.node(&node_id).expect("moved node should remain present");
+    let moved = graph
+        .node(&node_id)
+        .expect("moved node should remain present");
     assert_eq!(moved.id(), &node_id);
     assert_eq!(moved.position(), GridPosition::new(4, 5));

$ cargo fmt --all

$ cargo test -p topology-routing moving_a_node_preserves_its_stable_identity -- --exact --nocapture
   Compiling topology-routing v0.0.0 (/Users/benzo/Desktop/Topology_Codex_Starter_Kit_v1/crates/topology_routing)
    Finished `test` profile [unoptimized + debuginfo] target(s) in 0.14s
     Running unittests src/lib.rs (target/debug/deps/topology_routing-c46a3f50ed30d218)

running 0 tests

test result: ok. 0 passed; 0 failed; 0 ignored; 0 measured; 0 filtered out; finished in 0.00s

     Running tests/node_identity.rs (target/debug/deps/node_identity-36d2c0a98f51d599)

running 1 test
test moving_a_node_preserves_its_stable_identity ... ok

test result: ok. 1 passed; 0 failed; 0 ignored; 0 measured; 0 filtered out; finished in 0.00s

$ cargo test -p topology-routing
    Finished `test` profile [unoptimized + debuginfo] target(s) in 0.00s
     Running unittests src/lib.rs (target/debug/deps/topology_routing-c46a3f50ed30d218)

running 0 tests

test result: ok. 0 passed; 0 failed; 0 ignored; 0 measured; 0 filtered out; finished in 0.00s

     Running tests/node_identity.rs (target/debug/deps/node_identity-36d2c0a98f51d599)

running 1 test
test moving_a_node_preserves_its_stable_identity ... ok

test result: ok. 1 passed; 0 failed; 0 ignored; 0 measured; 0 filtered out; finished in 0.00s

   Doc-tests topology_routing

running 0 tests

test result: ok. 0 passed; 0 failed; 0 ignored; 0 measured; 0 filtered out; finished in 0.00s

$ cargo fmt --all -- --check

$ cargo clippy -p topology-routing --all-targets -- -D warnings
    Checking topology-routing v0.0.0 (/Users/benzo/Desktop/Topology_Codex_Starter_Kit_v1/crates/topology_routing)
    Finished `dev` profile [unoptimized + debuginfo] target(s) in 0.13s

$ set -euo pipefail; cargo test -p topology-routing; cargo fmt --all -- --check; cargo clippy -p topology-routing --all-targets -- -D warnings
    Finished `test` profile [unoptimized + debuginfo] target(s) in 0.02s
     Running unittests src/lib.rs (target/debug/deps/topology_routing-c46a3f50ed30d218)

running 0 tests

test result: ok. 0 passed; 0 failed; 0 ignored; 0 measured; 0 filtered out; finished in 0.00s

     Running tests/node_identity.rs (target/debug/deps/node_identity-36d2c0a98f51d599)

running 1 test
test moving_a_node_preserves_its_stable_identity ... ok

test result: ok. 1 passed; 0 failed; 0 ignored; 0 measured; 0 filtered out; finished in 0.00s

   Doc-tests topology_routing

running 0 tests

test result: ok. 0 passed; 0 failed; 0 ignored; 0 measured; 0 filtered out; finished in 0.00s

    Finished `dev` profile [unoptimized + debuginfo] target(s) in 0.02s
