--- 1. CARGO_TARGET_DIR=/tmp/rigwarden-undo005-cycle3-target cargo test -p topology-undo (exit 0) ---
    Finished `test` profile [unoptimized + debuginfo] target(s) in 16.31s
     Running unittests src/lib.rs (/tmp/rigwarden-undo005-cycle3-target/debug/deps/topology_undo-c98808d24dc58a14)

running 0 tests

test result: ok. 0 passed; 0 failed; 0 ignored; 0 measured; 0 filtered out; finished in 0.00s

     Running tests/branch.rs (/tmp/rigwarden-undo005-cycle3-target/debug/deps/branch-dba22ab72eea53d7)

running 1 test
test preset_change_creates_isolated_journal_branch ... ok

test result: ok. 1 passed; 0 failed; 0 ignored; 0 measured; 0 filtered out; finished in 0.00s

     Running tests/confirmed_previous.rs (/tmp/rigwarden-undo005-cycle3-target/debug/deps/confirmed_previous-3676d7a2a2fa665a)

running 1 test
test undo_entry_uses_confirmed_previous_value ... ok

test result: ok. 1 passed; 0 failed; 0 ignored; 0 measured; 0 filtered out; finished in 0.00s

     Running tests/local_snapshot.rs (/tmp/rigwarden-undo005-cycle3-target/debug/deps/local_snapshot-935f79ec0fbcd6fa)

running 2 tests
test preexisting_snapshot_temp_symlink_never_overwrites_external_target ... ok
test confirmed_entry_reloads_from_a_local_snapshot_after_restart_simulation ... ok

test result: ok. 2 passed; 0 failed; 0 ignored; 0 measured; 0 filtered out; finished in 0.00s

     Running tests/persistence.rs (/tmp/rigwarden-undo005-cycle3-target/debug/deps/persistence-d8022bfd1b03d9be)

running 1 test
test confirmed_entry_survives_deterministic_save_reload ... ok

test result: ok. 1 passed; 0 failed; 0 ignored; 0 measured; 0 filtered out; finished in 0.00s

     Running tests/undo_restoration.rs (/tmp/rigwarden-undo005-cycle3-target/debug/deps/undo_restoration-2cdc55aa9424ecc6)

running 2 tests
test confirmed_undo_restores_exact_prior_value_only_after_confirmation ... ok
test undo_proposal_cannot_confirm_against_another_journal ... ok

test result: ok. 2 passed; 0 failed; 0 ignored; 0 measured; 0 filtered out; finished in 0.00s

   Doc-tests topology_undo

running 0 tests

test result: ok. 0 passed; 0 failed; 0 ignored; 0 measured; 0 filtered out; finished in 0.00s

--- 2. CARGO_TARGET_DIR=/tmp/rigwarden-undo005-cycle3-target cargo test -p topology-preset (exit 0) ---
    Finished `test` profile [unoptimized + debuginfo] target(s) in 0.01s
     Running unittests src/lib.rs (/tmp/rigwarden-undo005-cycle3-target/debug/deps/topology_preset-5baa300de8be2cb1)

running 0 tests

test result: ok. 0 passed; 0 failed; 0 ignored; 0 measured; 0 filtered out; finished in 0.00s

     Running tests/container_roundtrip.rs (/tmp/rigwarden-undo005-cycle3-target/debug/deps/container_roundtrip-b5940cbbb27d72a3)

running 2 tests
test offline_container_rejects_truncated_input_without_panic ... ok
test offline_container_preserves_normalized_and_opaque_data ... ok

test result: ok. 2 passed; 0 failed; 0 ignored; 0 measured; 0 filtered out; finished in 0.00s

     Running tests/opaque_segment.rs (/tmp/rigwarden-undo005-cycle3-target/debug/deps/opaque_segment-82aab21bf6fdbf2e)

running 1 test
test editing_known_field_preserves_opaque_segment_exactly ... ok

test result: ok. 1 passed; 0 failed; 0 ignored; 0 measured; 0 filtered out; finished in 0.00s

   Doc-tests topology_preset

running 0 tests

test result: ok. 0 passed; 0 failed; 0 ignored; 0 measured; 0 filtered out; finished in 0.00s

--- 3. cargo fmt --all -- --check (exit 0) ---
(no output)

--- 4. CARGO_TARGET_DIR=/tmp/rigwarden-undo005-cycle3-target cargo clippy -p topology-undo --all-targets -- -D warnings (exit 0) ---
    Finished `dev` profile [unoptimized + debuginfo] target(s) in 0.03s
