   Compiling topology-undo v0.1.0 (/Users/benzo/Desktop/Topology_Codex_Starter_Kit_v1/crates/topology_undo)
    Finished `test` profile [unoptimized + debuginfo] target(s) in 0.37s
     Running unittests src/lib.rs (/tmp/rigwarden-undo005-target/debug/deps/topology_undo-c98808d24dc58a14)

running 0 tests

test result: ok. 0 passed; 0 failed; 0 ignored; 0 measured; 0 filtered out; finished in 0.00s
     Running tests/branch.rs (/tmp/rigwarden-undo005-target/debug/deps/branch-dba22ab72eea53d7)

running 0 tests

test result: ok. 0 passed; 0 failed; 0 ignored; 0 measured; 1 filtered out; finished in 0.00s
     Running tests/confirmed_previous.rs (/tmp/rigwarden-undo005-target/debug/deps/confirmed_previous-3676d7a2a2fa665a)

running 0 tests

test result: ok. 0 passed; 0 failed; 0 ignored; 0 measured; 1 filtered out; finished in 0.00s
     Running tests/local_snapshot.rs (/tmp/rigwarden-undo005-target/debug/deps/local_snapshot-935f79ec0fbcd6fa)

running 1 test
test preexisting_snapshot_temp_symlink_never_overwrites_external_target ... ok
test result: ok. 1 passed; 0 failed; 0 ignored; 0 measured; 1 filtered out; finished in 0.00s
     Running tests/persistence.rs (/tmp/rigwarden-undo005-target/debug/deps/persistence-d8022bfd1b03d9be)

running 0 tests

test result: ok. 0 passed; 0 failed; 0 ignored; 0 measured; 1 filtered out; finished in 0.00s
     Running tests/undo_restoration.rs (/tmp/rigwarden-undo005-target/debug/deps/undo_restoration-2cdc55aa9424ecc6)

running 0 tests

test result: ok. 0 passed; 0 failed; 0 ignored; 0 measured; 2 filtered out; finished in 0.00s
