
===== cargo test -p topology-device-registry =====
working_directory=/Users/benzo/Desktop/Topology_Codex_Starter_Kit_v1
command=cargo test -p topology-device-registry 
   Compiling topology-device-registry v0.0.0 (/Users/benzo/Desktop/Topology_Codex_Starter_Kit_v1/crates/topology_device_registry)
    Finished `test` profile [unoptimized + debuginfo] target(s) in 0.23s
     Running unittests src/lib.rs (target/debug/deps/topology_device_registry-97254bba6648ea18)

running 0 tests

test result: ok. 0 passed; 0 failed; 0 ignored; 0 measured; 0 filtered out; finished in 0.00s

     Running tests/exact_resolution.rs (target/debug/deps/exact_resolution-9b028df445d2f514)

running 1 test
test exact_profile_match_can_enable_write ... ok

test result: ok. 1 passed; 0 failed; 0 ignored; 0 measured; 0 filtered out; finished in 0.00s

     Running tests/numeric_parameter_metadata.rs (target/debug/deps/numeric_parameter_metadata-e0d3b5d389138235)

running 1 test
test exact_numeric_parameter_metadata_is_profile_owned ... ok

test result: ok. 1 passed; 0 failed; 0 ignored; 0 measured; 0 filtered out; finished in 0.00s

     Running tests/unknown_firmware.rs (target/debug/deps/unknown_firmware-8a1183c811524ae8)

running 1 test
test unknown_firmware_never_inherits_write_capability ... ok

test result: ok. 1 passed; 0 failed; 0 ignored; 0 measured; 0 filtered out; finished in 0.00s

   Doc-tests topology_device_registry

running 0 tests

test result: ok. 0 passed; 0 failed; 0 ignored; 0 measured; 0 filtered out; finished in 0.00s


===== cargo test -p topology-domain =====
working_directory=/Users/benzo/Desktop/Topology_Codex_Starter_Kit_v1
command=cargo test -p topology-domain 
    Finished `test` profile [unoptimized + debuginfo] target(s) in 0.00s
     Running unittests src/lib.rs (target/debug/deps/topology_domain-99e3311830c6fd81)

running 0 tests

test result: ok. 0 passed; 0 failed; 0 ignored; 0 measured; 0 filtered out; finished in 0.00s

     Running tests/device_family_id.rs (target/debug/deps/device_family_id-5a19de3267e5069d)

running 1 test
test blank_device_family_id_is_rejected ... ok

test result: ok. 1 passed; 0 failed; 0 ignored; 0 measured; 0 filtered out; finished in 0.00s

     Running tests/device_identity.rs (target/debug/deps/device_identity-053c242b435d8b7d)

running 1 test
test device_identity_does_not_imply_write_capability ... ok

test result: ok. 1 passed; 0 failed; 0 ignored; 0 measured; 0 filtered out; finished in 0.00s

     Running tests/firmware_id.rs (target/debug/deps/firmware_id-3acdf9fb169da496)

running 1 test
test firmware_id_preserves_nonblank_vendor_text ... ok

test result: ok. 1 passed; 0 failed; 0 ignored; 0 measured; 0 filtered out; finished in 0.00s

     Running tests/harness.rs (target/debug/deps/harness-d012a4a7d28c0870)

running 1 test
test harness_compiles ... ok

test result: ok. 1 passed; 0 failed; 0 ignored; 0 measured; 0 filtered out; finished in 0.00s

   Doc-tests topology_domain

running 0 tests

test result: ok. 0 passed; 0 failed; 0 ignored; 0 measured; 0 filtered out; finished in 0.00s


===== cargo fmt --all -- --check =====
working_directory=/Users/benzo/Desktop/Topology_Codex_Starter_Kit_v1
command=cargo fmt --all -- --check 

===== cargo clippy -p topology-device-registry --all-targets -- -D warnings =====
working_directory=/Users/benzo/Desktop/Topology_Codex_Starter_Kit_v1
command=cargo clippy -p topology-device-registry --all-targets -- -D warnings 
    Checking topology-device-registry v0.0.0 (/Users/benzo/Desktop/Topology_Codex_Starter_Kit_v1/crates/topology_device_registry)
    Finished `dev` profile [unoptimized + debuginfo] target(s) in 0.13s
