
COMMAND: cargo test -p topology-undo
    Finished `test` profile [unoptimized + debuginfo] target(s) in 0.01s
     Running unittests src/lib.rs (target/debug/deps/topology_undo-c98808d24dc58a14)

running 0 tests

test result: ok. 0 passed; 0 failed; 0 ignored; 0 measured; 0 filtered out; finished in 0.00s

     Running tests/branch.rs (target/debug/deps/branch-dba22ab72eea53d7)

running 1 test
test preset_change_creates_isolated_journal_branch ... ok

test result: ok. 1 passed; 0 failed; 0 ignored; 0 measured; 0 filtered out; finished in 0.00s

     Running tests/confirmed_previous.rs (target/debug/deps/confirmed_previous-3676d7a2a2fa665a)

running 1 test
test undo_entry_uses_confirmed_previous_value ... ok

test result: ok. 1 passed; 0 failed; 0 ignored; 0 measured; 0 filtered out; finished in 0.00s

     Running tests/undo_restoration.rs (target/debug/deps/undo_restoration-2cdc55aa9424ecc6)

running 1 test
test confirmed_undo_restores_exact_prior_value_only_after_confirmation ... ok

test result: ok. 1 passed; 0 failed; 0 ignored; 0 measured; 0 filtered out; finished in 0.00s

   Doc-tests topology_undo

running 0 tests

test result: ok. 0 passed; 0 failed; 0 ignored; 0 measured; 0 filtered out; finished in 0.00s

EXIT_STATUS: 0

COMMAND: cargo test -p topology-preset
    Finished `test` profile [unoptimized + debuginfo] target(s) in 0.01s
     Running unittests src/lib.rs (target/debug/deps/topology_preset-5baa300de8be2cb1)

running 0 tests

test result: ok. 0 passed; 0 failed; 0 ignored; 0 measured; 0 filtered out; finished in 0.00s

     Running tests/container_roundtrip.rs (target/debug/deps/container_roundtrip-b5940cbbb27d72a3)

running 2 tests
test offline_container_preserves_normalized_and_opaque_data ... ok
test offline_container_rejects_truncated_input_without_panic ... ok

test result: ok. 2 passed; 0 failed; 0 ignored; 0 measured; 0 filtered out; finished in 0.00s

     Running tests/opaque_segment.rs (target/debug/deps/opaque_segment-82aab21bf6fdbf2e)

running 1 test
test editing_known_field_preserves_opaque_segment_exactly ... ok

test result: ok. 1 passed; 0 failed; 0 ignored; 0 measured; 0 filtered out; finished in 0.00s

   Doc-tests topology_preset

running 0 tests

test result: ok. 0 passed; 0 failed; 0 ignored; 0 measured; 0 filtered out; finished in 0.00s

EXIT_STATUS: 0

COMMAND: cargo fmt --all -- --check
EXIT_STATUS: 0

COMMAND: cargo clippy -p topology-undo --all-targets -- -D warnings
    Checking topology-undo v0.1.0 (/Users/benzo/Desktop/Topology_Codex_Starter_Kit_v1/crates/topology_undo)
    Finished `dev` profile [unoptimized + debuginfo] target(s) in 0.17s
EXIT_STATUS: 0

FINAL_RERUN_AFTER_SCOPE_CLEANUP

COMMAND: cargo test -p topology-undo
    Finished `test` profile [unoptimized + debuginfo] target(s) in 11.82s
     Running unittests src/lib.rs (target/debug/deps/topology_undo-c98808d24dc58a14)

running 0 tests

test result: ok. 0 passed; 0 failed; 0 ignored; 0 measured; 0 filtered out; finished in 0.00s

     Running tests/branch.rs (target/debug/deps/branch-dba22ab72eea53d7)

running 1 test
test preset_change_creates_isolated_journal_branch ... ok

test result: ok. 1 passed; 0 failed; 0 ignored; 0 measured; 0 filtered out; finished in 0.00s

     Running tests/confirmed_previous.rs (target/debug/deps/confirmed_previous-3676d7a2a2fa665a)

running 1 test
test undo_entry_uses_confirmed_previous_value ... ok

test result: ok. 1 passed; 0 failed; 0 ignored; 0 measured; 0 filtered out; finished in 0.00s

     Running tests/undo_restoration.rs (target/debug/deps/undo_restoration-2cdc55aa9424ecc6)

running 1 test
test confirmed_undo_restores_exact_prior_value_only_after_confirmation ... ok

test result: ok. 1 passed; 0 failed; 0 ignored; 0 measured; 0 filtered out; finished in 0.00s

   Doc-tests topology_undo

running 0 tests

test result: ok. 0 passed; 0 failed; 0 ignored; 0 measured; 0 filtered out; finished in 0.00s

EXIT_STATUS: 0

COMMAND: cargo test -p topology-preset
    Finished `test` profile [unoptimized + debuginfo] target(s) in 0.01s
     Running unittests src/lib.rs (target/debug/deps/topology_preset-5baa300de8be2cb1)

running 0 tests

test result: ok. 0 passed; 0 failed; 0 ignored; 0 measured; 0 filtered out; finished in 0.00s

     Running tests/container_roundtrip.rs (target/debug/deps/container_roundtrip-b5940cbbb27d72a3)

running 2 tests
test offline_container_rejects_truncated_input_without_panic ... ok
test offline_container_preserves_normalized_and_opaque_data ... ok

test result: ok. 2 passed; 0 failed; 0 ignored; 0 measured; 0 filtered out; finished in 0.00s

     Running tests/opaque_segment.rs (target/debug/deps/opaque_segment-82aab21bf6fdbf2e)

running 1 test
test editing_known_field_preserves_opaque_segment_exactly ... ok

test result: ok. 1 passed; 0 failed; 0 ignored; 0 measured; 0 filtered out; finished in 0.00s

   Doc-tests topology_preset

running 0 tests

test result: ok. 0 passed; 0 failed; 0 ignored; 0 measured; 0 filtered out; finished in 0.00s

EXIT_STATUS: 0

COMMAND: cargo fmt --all -- --check
EXIT_STATUS: 0

COMMAND: cargo clippy -p topology-undo --all-targets -- -D warnings
    Checking topology-undo v0.1.0 (/Users/benzo/Desktop/Topology_Codex_Starter_Kit_v1/crates/topology_undo)
    Finished `dev` profile [unoptimized + debuginfo] target(s) in 0.25s
EXIT_STATUS: 0

FINAL_RERUN_AFTER_OWNER_SCOPE_CORRECTION

COMMAND: cargo test -p topology-undo
    Finished `test` profile [unoptimized + debuginfo] target(s) in 0.01s
     Running unittests src/lib.rs (target/debug/deps/topology_undo-c98808d24dc58a14)

running 0 tests

test result: ok. 0 passed; 0 failed; 0 ignored; 0 measured; 0 filtered out; finished in 0.00s

     Running tests/branch.rs (target/debug/deps/branch-dba22ab72eea53d7)

running 1 test
test preset_change_creates_isolated_journal_branch ... ok

test result: ok. 1 passed; 0 failed; 0 ignored; 0 measured; 0 filtered out; finished in 0.00s

     Running tests/confirmed_previous.rs (target/debug/deps/confirmed_previous-3676d7a2a2fa665a)

running 1 test
test undo_entry_uses_confirmed_previous_value ... ok

test result: ok. 1 passed; 0 failed; 0 ignored; 0 measured; 0 filtered out; finished in 0.00s

     Running tests/undo_restoration.rs (target/debug/deps/undo_restoration-2cdc55aa9424ecc6)

running 2 tests
test confirmed_undo_restores_exact_prior_value_only_after_confirmation ... ok
test undo_proposal_cannot_confirm_against_another_journal ... ok

test result: ok. 2 passed; 0 failed; 0 ignored; 0 measured; 0 filtered out; finished in 0.00s

   Doc-tests topology_undo

running 0 tests

test result: ok. 0 passed; 0 failed; 0 ignored; 0 measured; 0 filtered out; finished in 0.00s

EXIT_STATUS: 0

COMMAND: cargo test -p topology-preset
    Finished `test` profile [unoptimized + debuginfo] target(s) in 0.02s
     Running unittests src/lib.rs (target/debug/deps/topology_preset-5baa300de8be2cb1)

running 0 tests

test result: ok. 0 passed; 0 failed; 0 ignored; 0 measured; 0 filtered out; finished in 0.00s

     Running tests/container_roundtrip.rs (target/debug/deps/container_roundtrip-b5940cbbb27d72a3)

running 2 tests
test offline_container_preserves_normalized_and_opaque_data ... ok
test offline_container_rejects_truncated_input_without_panic ... ok

test result: ok. 2 passed; 0 failed; 0 ignored; 0 measured; 0 filtered out; finished in 0.00s

     Running tests/opaque_segment.rs (target/debug/deps/opaque_segment-82aab21bf6fdbf2e)

running 1 test
test editing_known_field_preserves_opaque_segment_exactly ... ok

test result: ok. 1 passed; 0 failed; 0 ignored; 0 measured; 0 filtered out; finished in 0.00s

   Doc-tests topology_preset

running 0 tests

test result: ok. 0 passed; 0 failed; 0 ignored; 0 measured; 0 filtered out; finished in 0.00s

EXIT_STATUS: 0

COMMAND: cargo fmt --all -- --check
EXIT_STATUS: 0

COMMAND: cargo clippy -p topology-undo --all-targets -- -D warnings
    Checking topology-undo v0.1.0 (/Users/benzo/Desktop/Topology_Codex_Starter_Kit_v1/crates/topology_undo)
    Finished `dev` profile [unoptimized + debuginfo] target(s) in 0.18s
EXIT_STATUS: 0
