Resolving dependencies...
Downloading packages...
  matcher 0.12.19 (0.12.20 available)
  meta 1.18.0 (1.19.0 available)
  test_api 0.7.11 (0.7.13 available)
  vector_math 2.2.0 (2.4.2 available)
Got dependencies!
4 packages have newer versions incompatible with dependency constraints.
Try `flutter pub outdated` for more information.
00:00 +0: loading /Users/benzo/Desktop/Topology_Codex_Starter_Kit_v1/apps/mobile_flutter/test/core/bridge/device_identity_test.dart
test/core/bridge/device_identity_test.dart:9:36: Error: The method 'readFixtureDeviceIdentity' isn't defined for the type 'RustLibApi'.
 - 'RustLibApi' is from 'package:rigwarden/core/bridge/generated/frb_generated.dart' ('lib/core/bridge/generated/frb_generated.dart').
Try correcting the name to the name of an existing method, or defining a method named 'readFixtureDeviceIdentity'.
        await RustLib.instance.api.readFixtureDeviceIdentity();
                                   ^^^^^^^^^^^^^^^^^^^^^^^^^
00:00 +0 -1: loading /Users/benzo/Desktop/Topology_Codex_Starter_Kit_v1/apps/mobile_flutter/test/core/bridge/device_identity_test.dart [E]
  Failed to load "/Users/benzo/Desktop/Topology_Codex_Starter_Kit_v1/apps/mobile_flutter/test/core/bridge/device_identity_test.dart":
  Compilation failed for testPath=/Users/benzo/Desktop/Topology_Codex_Starter_Kit_v1/apps/mobile_flutter/test/core/bridge/device_identity_test.dart: test/core/bridge/device_identity_test.dart:9:36: Error: The method 'readFixtureDeviceIdentity' isn't defined for the type 'RustLibApi'.
   - 'RustLibApi' is from 'package:rigwarden/core/bridge/generated/frb_generated.dart' ('lib/core/bridge/generated/frb_generated.dart').
  Try correcting the name to the name of an existing method, or defining a method named 'readFixtureDeviceIdentity'.
          await RustLib.instance.api.readFixtureDeviceIdentity();
                                     ^^^^^^^^^^^^^^^^^^^^^^^^^
  .
00:00 +0 -1: Some tests failed.

Failing tests:
  /Users/benzo/Desktop/Topology_Codex_Starter_Kit_v1/apps/mobile_flutter/test/core/bridge/device_identity_test.dart: loading /Users/benzo/Desktop/Topology_Codex_Starter_Kit_v1/apps/mobile_flutter/test/core/bridge/device_identity_test.dart
