===== 1. flutter_rust_bridge_codegen generate --config-file flutter_rust_bridge.yaml --stop-on-error (apps/mobile_flutter) =====
Done!

===== 2. CARGO_TARGET_DIR=crates/topology_bridge/target cargo build -p topology-bridge --release (repository root) =====
   Compiling topology-bridge v0.1.0 (/Users/benzo/Desktop/Topology_Codex_Starter_Kit_v1/crates/topology_bridge)
    Finished `release` profile [optimized] target(s) in 12.21s

===== 3. cargo test -p topology-bridge (repository root) =====
   Compiling topology-bridge v0.1.0 (/Users/benzo/Desktop/Topology_Codex_Starter_Kit_v1/crates/topology_bridge)
    Finished `test` profile [unoptimized + debuginfo] target(s) in 0.41s
     Running unittests src/lib.rs (target/debug/deps/topology_bridge-17d4c8c6f174c255)

running 0 tests
test result: ok. 0 passed; 0 failed; 0 ignored; 0 measured; 0 filtered out; finished in 0.00s

===== 4. flutter test test/core/bridge/device_identity_test.dart (apps/mobile_flutter) =====
Resolving dependencies...
Downloading packages...
  matcher 0.12.19 (0.12.20 available)
  meta 1.18.0 (1.19.0 available)
  test_api 0.7.11 (0.7.13 available)
  vector_math 2.2.0 (2.4.2 available)
Got dependencies!
4 packages have newer versions incompatible with dependency constraints.
Try `flutter pub outdated` for more information.
00:00 +0: loading /Users/benzo/Desktop/Topology_Codex_Starter_Kit_v1/apps/mobile_flutter/test/core/bridge/device_identity_test.dart
00:00 +0: typed device identity round trips from Rust
00:00 +1: All tests passed!

===== 5. flutter analyze (apps/mobile_flutter) =====
Resolving dependencies...
Downloading packages...
  matcher 0.12.19 (0.12.20 available)
  meta 1.18.0 (1.19.0 available)
  test_api 0.7.11 (0.7.13 available)
  vector_math 2.2.0 (2.4.2 available)
Got dependencies!
4 packages have newer versions incompatible with dependency constraints.
Try `flutter pub outdated` for more information.
Analyzing mobile_flutter...                                     
No issues found! (ran in 1.8s)

===== 6. cargo fmt -p topology-bridge -- --check (repository root) =====

===== 7. cargo fmt --all -- --check (repository root) =====
Diff in /Users/benzo/Desktop/Topology_Codex_Starter_Kit_v1/crates/topology_command_engine/tests/read_only.rs:66:
     )
     .with_numeric_parameter("amp-1", "gain", NumericParameterMetadata::new(0, 100, 1));

-    let error = validate_parameter_mutation(
-        &profile,
-        ParameterMutationRequest::new("amp-1", "gain", 45),
-    )
-    .expect_err("read-only status must fail closed before planning a write");
+    let error =
+        validate_parameter_mutation(&profile, ParameterMutationRequest::new("amp-1", "gain", 45))
+            .expect_err("read-only status must fail closed before planning a write");

    assert_eq!(
