   Compiling topology-device-registry v0.0.0 (/Users/benzo/Desktop/Topology_Codex_Starter_Kit_v1/crates/topology_device_registry)
error[E0432]: unresolved imports `topology_device_registry::ResolutionReason`, `topology_device_registry::SessionResolution`
 --> crates/topology_device_registry/tests/unknown_firmware.rs:2:36
  |
2 |     DeviceProfile, DeviceRegistry, ResolutionReason, ResolutionStatus, SessionCapabilities,
  |                                    ^^^^^^^^^^^^^^^^ no `ResolutionReason` in the root
3 |     SessionResolution, VerificationStatus,
  |     ^^^^^^^^^^^^^^^^^ no `SessionResolution` in the root
  |
help: a similar name exists in the module
  |
2 -     DeviceProfile, DeviceRegistry, ResolutionReason, ResolutionStatus, SessionCapabilities,
2 +     DeviceProfile, DeviceRegistry, ResolutionStatus, ResolutionStatus, SessionCapabilities,
  |

error[E0599]: no method named `resolve_session` found for struct `DeviceRegistry` in the current scope
  --> crates/topology_device_registry/tests/unknown_firmware.rs:32:10
   |
31 |       let resolved = registry
   |  ____________________-
32 | |         .resolve_session(&unknown_identity)
   | |         -^^^^^^^^^^^^^^^ method not found in `DeviceRegistry`
   | |_________|
   |

error[E0599]: no variant, associated function, or constant named `UnknownFirmware` found for enum `ResolutionStatus` in the current scope
  --> crates/topology_device_registry/tests/unknown_firmware.rs:35:53
   |
35 |     assert_eq!(resolved.status(), ResolutionStatus::UnknownFirmware);
   |                                                     ^^^^^^^^^^^^^^^ variant, associated function, or constant not found in `ResolutionStatus`

Some errors have detailed explanations: E0432, E0599.
For more information about an error, try `rustc --explain E0432`.
error: could not compile `topology-device-registry` (test "unknown_firmware") due to 3 previous errors
