00:00 +0: loading /Users/benzo/Desktop/Topology_Codex_Starter_Kit_v1/apps/mobile_flutter/test/core/bridge/simulated_parameter_edit_test.dart
00:00 +0: out-of-range typed error renders through FFI semantics
══╡ EXCEPTION CAUGHT BY FLUTTER TEST FRAMEWORK ╞════════════════════════════════════════════════════
The following TestFailure was thrown running a test:
Expected: exactly one matching candidate
  Actual: _TextWidgetFinder:<Found 0 widgets with text "Error: synthetic stored value 101 is outside
profile range 0..100": []>
   Which: means none were found but one was expected

When the exception was thrown, this was the stack:
#4      main.<anonymous closure> (file:///Users/benzo/Desktop/Topology_Codex_Starter_Kit_v1/apps/mobile_flutter/test/core/bridge/simulated_parameter_edit_test.dart:506:5)
<asynchronous suspension>
#5      testWidgets.<anonymous closure>.<anonymous closure> (package:flutter_test/src/widget_tester.dart:192:15)
<asynchronous suspension>
#6      TestWidgetsFlutterBinding._runTestBody (package:flutter_test/src/binding.dart:1952:5)
<asynchronous suspension>
<asynchronous suspension>
(elided one frame from package:stack_trace)

This was caught by the test expectation on the following line:
  file:///Users/benzo/Desktop/Topology_Codex_Starter_Kit_v1/apps/mobile_flutter/test/core/bridge/simulated_parameter_edit_test.dart line 506
The test description was:
  out-of-range typed error renders through FFI semantics
════════════════════════════════════════════════════════════════════════════════════════════════════
00:00 +0 -1: out-of-range typed error renders through FFI semantics [E]
  Test failed. See exception logs above.
  The test description was: out-of-range typed error renders through FFI semantics
  
00:00 +0 -1: Some tests failed.

Failing tests:
  /Users/benzo/Desktop/Topology_Codex_Starter_Kit_v1/apps/mobile_flutter/test/core/bridge/simulated_parameter_edit_test.dart: out-of-range typed error renders through FFI semantics
