00:00 +0: loading /Users/benzo/Desktop/Topology_Codex_Starter_Kit_v1/apps/mobile_flutter/test/core/bridge/simulated_parameter_edit_test.dart
00:00 +0: read-only synthetic rejection crosses FFI without exchange
══╡ EXCEPTION CAUGHT BY FLUTTER TEST FRAMEWORK ╞════════════════════════════════════════════════════
The following TestFailure was thrown running a test:
Expected: true
  Actual: <false>

When the exception was thrown, this was the stack:
#4      _expectFullStateSemantics (file:///Users/benzo/Desktop/Topology_Codex_Starter_Kit_v1/apps/mobile_flutter/test/core/bridge/simulated_parameter_edit_test.dart:576:3)
#5      main.<anonymous closure> (file:///Users/benzo/Desktop/Topology_Codex_Starter_Kit_v1/apps/mobile_flutter/test/core/bridge/simulated_parameter_edit_test.dart:412:5)
<asynchronous suspension>
#6      testWidgets.<anonymous closure>.<anonymous closure> (package:flutter_test/src/widget_tester.dart:192:15)
<asynchronous suspension>
#7      TestWidgetsFlutterBinding._runTestBody (package:flutter_test/src/binding.dart:1952:5)
<asynchronous suspension>
<asynchronous suspension>
(elided one frame from package:stack_trace)

This was caught by the test expectation on the following line:
  file:///Users/benzo/Desktop/Topology_Codex_Starter_Kit_v1/apps/mobile_flutter/test/core/bridge/simulated_parameter_edit_test.dart line 576
The test description was:
  read-only synthetic rejection crosses FFI without exchange
════════════════════════════════════════════════════════════════════════════════════════════════════
00:00 +0 -1: read-only synthetic rejection crosses FFI without exchange [E]
  Test failed. See exception logs above.
  The test description was: read-only synthetic rejection crosses FFI without exchange
  
00:00 +0 -1: Some tests failed.

Failing tests:
  /Users/benzo/Desktop/Topology_Codex_Starter_Kit_v1/apps/mobile_flutter/test/core/bridge/simulated_parameter_edit_test.dart: read-only synthetic rejection crosses FFI without exchange
