00:00 +0: loading /Users/benzo/Desktop/Topology_Codex_Starter_Kit_v1/apps/mobile_flutter/test/core/bridge/simulated_parameter_edit_test.dart
00:00 +0: emitted semantics retain focus order, keyboard activation, and recovery
══╡ EXCEPTION CAUGHT BY FLUTTER TEST FRAMEWORK ╞════════════════════════════════════════════════════
The following TestFailure was thrown running a test:
Expected: Tristate:<Tristate.isTrue>
  Actual: Tristate:<Tristate.isFalse>

When the exception was thrown, this was the stack:
#4      _expectFocusSemantics (file:///Users/benzo/Desktop/Topology_Codex_Starter_Kit_v1/apps/mobile_flutter/test/core/bridge/simulated_parameter_edit_test.dart:550:3)
#5      main.<anonymous closure> (file:///Users/benzo/Desktop/Topology_Codex_Starter_Kit_v1/apps/mobile_flutter/test/core/bridge/simulated_parameter_edit_test.dart:299:7)
<asynchronous suspension>
#6      testWidgets.<anonymous closure>.<anonymous closure> (package:flutter_test/src/widget_tester.dart:192:15)
<asynchronous suspension>
#7      TestWidgetsFlutterBinding._runTestBody (package:flutter_test/src/binding.dart:1952:5)
<asynchronous suspension>
<asynchronous suspension>
(elided one frame from package:stack_trace)

This was caught by the test expectation on the following line:
  file:///Users/benzo/Desktop/Topology_Codex_Starter_Kit_v1/apps/mobile_flutter/test/core/bridge/simulated_parameter_edit_test.dart line 550
The test description was:
  emitted semantics retain focus order, keyboard activation, and recovery
════════════════════════════════════════════════════════════════════════════════════════════════════
00:00 +0 -1: emitted semantics retain focus order, keyboard activation, and recovery [E]
  Test failed. See exception logs above.
  The test description was: emitted semantics retain focus order, keyboard activation, and recovery
  
00:00 +0 -1: Some tests failed.

Failing tests:
  /Users/benzo/Desktop/Topology_Codex_Starter_Kit_v1/apps/mobile_flutter/test/core/bridge/simulated_parameter_edit_test.dart: emitted semantics retain focus order, keyboard activation, and recovery
