   Compiling topology-bridge v0.1.0 (/Users/benzo/Desktop/Topology_Codex_Starter_Kit_v1/crates/topology_bridge)
    Finished `test` profile [unoptimized + debuginfo] target(s) in 2.04s
     Running unittests src/lib.rs (target/debug/deps/topology_bridge-f0d526c83598eb8a)

running 0 tests

test result: ok. 0 passed; 0 failed; 0 ignored; 0 measured; 0 filtered out; finished in 0.00s

     Running tests/serial_route.rs (target/debug/deps/serial_route-23aba60c791ba7f8)

running 1 test
test rust_authored_serial_route_snapshot_is_stable ... ok

test result: ok. 1 passed; 0 failed; 0 ignored; 0 measured; 0 filtered out; finished in 0.00s

     Running tests/simulated_edit.rs (target/debug/deps/simulated_edit-9f5681a46b2f439b)

running 1 test
test synthetic_parameter_edit_confirms_then_undo_restores_prior_value ... ok

test result: ok. 1 passed; 0 failed; 0 ignored; 0 measured; 0 filtered out; finished in 0.00s

     Running unittests src/lib.rs (target/debug/deps/topology_command_engine-ae19bf2568d195b3)

running 0 tests

test result: ok. 0 passed; 0 failed; 0 ignored; 0 measured; 0 filtered out; finished in 0.00s

     Running tests/deterministic_plan.rs (target/debug/deps/deterministic_plan-15a2abdfe2312e6c)

running 1 test
test equivalent_mutation_sets_produce_same_operation_order ... ok

test result: ok. 1 passed; 0 failed; 0 ignored; 0 measured; 0 filtered out; finished in 0.00s

     Running tests/parameter_mutation.rs (target/debug/deps/parameter_mutation-e9001a1fdae2a7c6)

running 1 test
test valid_parameter_mutation_is_typed_but_not_encoded ... ok

test result: ok. 1 passed; 0 failed; 0 ignored; 0 measured; 0 filtered out; finished in 0.00s

     Running tests/read_only.rs (target/debug/deps/read_only-42e7fd7bd5899f04)

running 2 tests
test read_only_status_cannot_plan_a_write_even_if_capability_is_true ... ok
test read_only_session_cannot_plan_a_write ... ok

test result: ok. 2 passed; 0 failed; 0 ignored; 0 measured; 0 filtered out; finished in 0.00s

     Running tests/stale_response.rs (target/debug/deps/stale_response-043801ec8887e377)

running 1 test
test stale_response_cannot_confirm_new_connection_request ... ok

test result: ok. 1 passed; 0 failed; 0 ignored; 0 measured; 0 filtered out; finished in 0.00s

     Running unittests src/lib.rs (target/debug/deps/topology_device_registry-97254bba6648ea18)

running 0 tests

test result: ok. 0 passed; 0 failed; 0 ignored; 0 measured; 0 filtered out; finished in 0.00s

     Running tests/exact_resolution.rs (target/debug/deps/exact_resolution-9b028df445d2f514)

running 1 test
test exact_profile_match_can_enable_write ... ok

test result: ok. 1 passed; 0 failed; 0 ignored; 0 measured; 0 filtered out; finished in 0.00s

     Running tests/numeric_parameter_metadata.rs (target/debug/deps/numeric_parameter_metadata-e0d3b5d389138235)

running 1 test
test exact_numeric_parameter_metadata_is_profile_owned ... ok

test result: ok. 1 passed; 0 failed; 0 ignored; 0 measured; 0 filtered out; finished in 0.00s

     Running tests/unknown_firmware.rs (target/debug/deps/unknown_firmware-8a1183c811524ae8)

running 1 test
test unknown_firmware_never_inherits_write_capability ... ok

test result: ok. 1 passed; 0 failed; 0 ignored; 0 measured; 0 filtered out; finished in 0.00s

     Running unittests src/lib.rs (target/debug/deps/topology_devtools-e1413002f7836335)

running 0 tests

test result: ok. 0 passed; 0 failed; 0 ignored; 0 measured; 0 filtered out; finished in 0.00s

     Running unittests src/bin/topology-devtools.rs (target/debug/deps/topology_devtools-7df632192ecd6b01)

running 0 tests

test result: ok. 0 passed; 0 failed; 0 ignored; 0 measured; 0 filtered out; finished in 0.00s

     Running tests/asset_policy.rs (target/debug/deps/asset_policy-4f8fec611b7eec82)

running 1 test
test production_svg_asset_is_rejected ... ok

test result: ok. 1 passed; 0 failed; 0 ignored; 0 measured; 0 filtered out; finished in 0.00s

     Running tests/evidence_validation.rs (target/debug/deps/evidence_validation-15302ed9bda52944)

running 1 test
test completed_evidence_without_red_log_is_rejected ... ok

test result: ok. 1 passed; 0 failed; 0 ignored; 0 measured; 0 filtered out; finished in 0.00s

     Running tests/fixture_cli.rs (target/debug/deps/fixture_cli-e2efa203b4f2aeaa)

running 1 test
test fixture_cli_returns_truthful_exit_status ... ok

test result: ok. 1 passed; 0 failed; 0 ignored; 0 measured; 0 filtered out; finished in 0.19s

     Running tests/fixture_validation.rs (target/debug/deps/fixture_validation-8bec80f7ad19af03)

running 1 test
test fixture_without_redistribution_permission_is_rejected ... ok

test result: ok. 1 passed; 0 failed; 0 ignored; 0 measured; 0 filtered out; finished in 0.00s

     Running tests/work_item_validation.rs (target/debug/deps/work_item_validation-9decf9411b0ded6d)

running 2 tests
test missing_id_is_rejected ... ok
test valid_companion_packet_is_accepted ... ok

test result: ok. 2 passed; 0 failed; 0 ignored; 0 measured; 0 filtered out; finished in 0.00s

     Running unittests src/lib.rs (target/debug/deps/topology_domain-99e3311830c6fd81)

running 0 tests

test result: ok. 0 passed; 0 failed; 0 ignored; 0 measured; 0 filtered out; finished in 0.00s

     Running tests/device_family_id.rs (target/debug/deps/device_family_id-5a19de3267e5069d)

running 1 test
test blank_device_family_id_is_rejected ... ok

test result: ok. 1 passed; 0 failed; 0 ignored; 0 measured; 0 filtered out; finished in 0.00s

     Running tests/device_identity.rs (target/debug/deps/device_identity-053c242b435d8b7d)

running 1 test
test device_identity_does_not_imply_write_capability ... ok

test result: ok. 1 passed; 0 failed; 0 ignored; 0 measured; 0 filtered out; finished in 0.00s

     Running tests/firmware_id.rs (target/debug/deps/firmware_id-3acdf9fb169da496)

running 1 test
test firmware_id_preserves_nonblank_vendor_text ... ok

test result: ok. 1 passed; 0 failed; 0 ignored; 0 measured; 0 filtered out; finished in 0.00s

     Running tests/harness.rs (target/debug/deps/harness-d012a4a7d28c0870)

running 1 test
test harness_compiles ... ok

test result: ok. 1 passed; 0 failed; 0 ignored; 0 measured; 0 filtered out; finished in 0.00s

     Running unittests src/lib.rs (target/debug/deps/topology_preset-5baa300de8be2cb1)

running 0 tests

test result: ok. 0 passed; 0 failed; 0 ignored; 0 measured; 0 filtered out; finished in 0.00s

     Running tests/container_roundtrip.rs (target/debug/deps/container_roundtrip-b5940cbbb27d72a3)

running 2 tests
test offline_container_preserves_normalized_and_opaque_data ... ok
test offline_container_rejects_truncated_input_without_panic ... ok

test result: ok. 2 passed; 0 failed; 0 ignored; 0 measured; 0 filtered out; finished in 0.00s

     Running tests/opaque_segment.rs (target/debug/deps/opaque_segment-82aab21bf6fdbf2e)

running 1 test
test editing_known_field_preserves_opaque_segment_exactly ... ok

test result: ok. 1 passed; 0 failed; 0 ignored; 0 measured; 0 filtered out; finished in 0.00s

     Running unittests src/lib.rs (target/debug/deps/topology_routing-c46a3f50ed30d218)

running 0 tests

test result: ok. 0 passed; 0 failed; 0 ignored; 0 measured; 0 filtered out; finished in 0.00s

     Running tests/cycle.rs (target/debug/deps/cycle-0dcea2d7460afc65)

running 1 test
test prohibited_cycle_is_rejected_without_mutating_graph ... ok

test result: ok. 1 passed; 0 failed; 0 ignored; 0 measured; 0 filtered out; finished in 0.00s

     Running tests/missing_endpoint.rs (target/debug/deps/missing_endpoint-192dfdf7898586ca)

running 1 test
test missing_source_connection_is_rejected_without_mutation ... ok

test result: ok. 1 passed; 0 failed; 0 ignored; 0 measured; 0 filtered out; finished in 0.00s

     Running tests/node_identity.rs (target/debug/deps/node_identity-36d2c0a98f51d599)

running 1 test
test moving_a_node_preserves_its_stable_identity ... ok

test result: ok. 1 passed; 0 failed; 0 ignored; 0 measured; 0 filtered out; finished in 0.00s

     Running tests/serial_connection.rs (target/debug/deps/serial_connection-da1b714fc803dd8f)

running 3 tests
test connection_direction_is_enforced_before_mutation ... ok
test valid_serial_connection_is_queryable_from_both_ends ... ok
test output_to_output_connection_is_rejected_before_mutation ... ok

test result: ok. 3 passed; 0 failed; 0 ignored; 0 measured; 0 filtered out; finished in 0.00s

     Running tests/traversal.rs (target/debug/deps/traversal-e31094a548ebb470)

running 1 test
test topological_traversal_is_deterministic_across_insertion_order ... ok

test result: ok. 1 passed; 0 failed; 0 ignored; 0 measured; 0 filtered out; finished in 0.00s

     Running unittests src/lib.rs (target/debug/deps/topology_simulator-0b9af973710b2a82)

running 0 tests

test result: ok. 0 passed; 0 failed; 0 ignored; 0 measured; 0 filtered out; finished in 0.00s

     Running tests/request_response.rs (target/debug/deps/request_response-e360de306ab68c71)

running 1 test
test scripted_exchange_correlates_expected_response ... ok

test result: ok. 1 passed; 0 failed; 0 ignored; 0 measured; 0 filtered out; finished in 0.00s

     Running unittests src/lib.rs (target/debug/deps/topology_undo-c98808d24dc58a14)

running 0 tests

test result: ok. 0 passed; 0 failed; 0 ignored; 0 measured; 0 filtered out; finished in 0.00s

     Running tests/branch.rs (target/debug/deps/branch-dba22ab72eea53d7)

running 1 test
test preset_change_creates_isolated_journal_branch ... ok

test result: ok. 1 passed; 0 failed; 0 ignored; 0 measured; 0 filtered out; finished in 0.00s

     Running tests/confirmed_previous.rs (target/debug/deps/confirmed_previous-3676d7a2a2fa665a)

running 1 test
test undo_entry_uses_confirmed_previous_value ... ok

test result: ok. 1 passed; 0 failed; 0 ignored; 0 measured; 0 filtered out; finished in 0.00s

     Running tests/local_snapshot.rs (target/debug/deps/local_snapshot-935f79ec0fbcd6fa)

running 2 tests
test confirmed_entry_reloads_from_a_local_snapshot_after_restart_simulation ... ok
test preexisting_snapshot_temp_symlink_never_overwrites_external_target ... ok

test result: ok. 2 passed; 0 failed; 0 ignored; 0 measured; 0 filtered out; finished in 0.00s

     Running tests/persistence.rs (target/debug/deps/persistence-d8022bfd1b03d9be)

running 1 test
test confirmed_entry_survives_deterministic_save_reload ... ok

test result: ok. 1 passed; 0 failed; 0 ignored; 0 measured; 0 filtered out; finished in 0.00s

     Running tests/undo_restoration.rs (target/debug/deps/undo_restoration-2cdc55aa9424ecc6)

running 2 tests
test confirmed_undo_restores_exact_prior_value_only_after_confirmation ... ok
test undo_proposal_cannot_confirm_against_another_journal ... ok

test result: ok. 2 passed; 0 failed; 0 ignored; 0 measured; 0 filtered out; finished in 0.00s

   Doc-tests topology_bridge

running 0 tests

test result: ok. 0 passed; 0 failed; 0 ignored; 0 measured; 0 filtered out; finished in 0.00s

   Doc-tests topology_command_engine

running 0 tests

test result: ok. 0 passed; 0 failed; 0 ignored; 0 measured; 0 filtered out; finished in 0.00s

   Doc-tests topology_device_registry

running 0 tests

test result: ok. 0 passed; 0 failed; 0 ignored; 0 measured; 0 filtered out; finished in 0.00s

   Doc-tests topology_devtools

running 0 tests

test result: ok. 0 passed; 0 failed; 0 ignored; 0 measured; 0 filtered out; finished in 0.00s

   Doc-tests topology_domain

running 0 tests

test result: ok. 0 passed; 0 failed; 0 ignored; 0 measured; 0 filtered out; finished in 0.00s

   Doc-tests topology_preset

running 0 tests

test result: ok. 0 passed; 0 failed; 0 ignored; 0 measured; 0 filtered out; finished in 0.00s

   Doc-tests topology_routing

running 0 tests

test result: ok. 0 passed; 0 failed; 0 ignored; 0 measured; 0 filtered out; finished in 0.00s

   Doc-tests topology_simulator

running 0 tests

test result: ok. 0 passed; 0 failed; 0 ignored; 0 measured; 0 filtered out; finished in 0.00s

   Doc-tests topology_undo

running 0 tests

test result: ok. 0 passed; 0 failed; 0 ignored; 0 measured; 0 filtered out; finished in 0.00s

