Resolving dependencies...
Downloading packages...
  matcher 0.12.19 (0.12.20 available)
  meta 1.18.0 (1.19.0 available)
  test_api 0.7.11 (0.7.13 available)
  vector_math 2.2.0 (2.4.2 available)
Got dependencies!
4 packages have newer versions incompatible with dependency constraints.
Try `flutter pub outdated` for more information.
00:00 +0: loading /Users/benzo/Desktop/Topology_Codex_Starter_Kit_v1/apps/mobile_flutter/test/features/session/session_shell_layout_test.dart
00:00 +0: session shell adapts without hiding editor destinations
══╡ EXCEPTION CAUGHT BY FLUTTER TEST FRAMEWORK ╞════════════════════════════════════════════════════
The following TestFailure was thrown running a test:
Expected: true
  Actual: <false>
Session must expose a button role on tablet

When the exception was thrown, this was the stack:
#4      main.<anonymous closure> (file:///Users/benzo/Desktop/Topology_Codex_Starter_Kit_v1/apps/mobile_flutter/test/features/session/session_shell_layout_test.dart:100:7)
<asynchronous suspension>
#5      testWidgets.<anonymous closure>.<anonymous closure> (package:flutter_test/src/widget_tester.dart:192:15)
<asynchronous suspension>
#6      TestWidgetsFlutterBinding._runTestBody (package:flutter_test/src/binding.dart:1952:5)
<asynchronous suspension>
<asynchronous suspension>
(elided one frame from package:stack_trace)

This was caught by the test expectation on the following line:
  file:///Users/benzo/Desktop/Topology_Codex_Starter_Kit_v1/apps/mobile_flutter/test/features/session/session_shell_layout_test.dart line 100
The test description was:
  session shell adapts without hiding editor destinations
════════════════════════════════════════════════════════════════════════════════════════════════════
00:02 +0 -1: session shell adapts without hiding editor destinations [E]
  Test failed. See exception logs above.
  The test description was: session shell adapts without hiding editor destinations
  
00:02 +0 -1: Some tests failed.

Failing tests:
  /Users/benzo/Desktop/Topology_Codex_Starter_Kit_v1/apps/mobile_flutter/test/features/session/session_shell_layout_test.dart: session shell adapts without hiding editor destinations
