Resolving dependencies...
Downloading packages...
  matcher 0.12.19 (0.12.20 available)
  meta 1.18.0 (1.19.0 available)
  test_api 0.7.11 (0.7.13 available)
  vector_math 2.2.0 (2.4.2 available)
Got dependencies!
4 packages have newer versions incompatible with dependency constraints.
Try `flutter pub outdated` for more information.
00:00 +0: loading /Users/benzo/Desktop/Topology_Codex_Starter_Kit_v1/apps/mobile_flutter/test/features/session/session_shell_layout_test.dart
test/features/session/session_shell_layout_test.dart:3:8: Error: Error when reading 'lib/app/topology_app.dart': No such file or directory
import 'package:rigwarden/app/topology_app.dart';
       ^
test/features/session/session_shell_layout_test.dart:4:8: Error: Error when reading 'lib/features/session/session_shell.dart': No such file or directory
import 'package:rigwarden/features/session/session_shell.dart';
       ^
test/features/session/session_shell_layout_test.dart:9:20: Error: 'SessionDestination' isn't a type.
    destinations: <SessionDestination>[
                   ^^^^^^^^^^^^^^^^^^
test/features/session/session_shell_layout_test.dart:10:7: Error: Method not found: 'SessionDestination'.
      SessionDestination('Session'),
      ^^^^^^^^^^^^^^^^^^
test/features/session/session_shell_layout_test.dart:11:7: Error: Method not found: 'SessionDestination'.
      SessionDestination('Presets'),
      ^^^^^^^^^^^^^^^^^^
test/features/session/session_shell_layout_test.dart:12:7: Error: Method not found: 'SessionDestination'.
      SessionDestination('Routing'),
      ^^^^^^^^^^^^^^^^^^
test/features/session/session_shell_layout_test.dart:13:7: Error: Method not found: 'SessionDestination'.
      SessionDestination('Parameters'),
      ^^^^^^^^^^^^^^^^^^
test/features/session/session_shell_layout_test.dart:14:7: Error: Method not found: 'SessionDestination'.
      SessionDestination('Performance'),
      ^^^^^^^^^^^^^^^^^^
test/features/session/session_shell_layout_test.dart:15:7: Error: Method not found: 'SessionDestination'.
      SessionDestination('Library'),
      ^^^^^^^^^^^^^^^^^^
test/features/session/session_shell_layout_test.dart:7:19: Error: Method not found: 'SessionShellModel'.
  const session = SessionShellModel(
                  ^^^^^^^^^^^^^^^^^
test/features/session/session_shell_layout_test.dart:24:17: Error: Method not found: 'TopologyApp'.
          home: TopologyApp(session: session),
                ^^^^^^^^^^^
00:00 +0 -1: loading /Users/benzo/Desktop/Topology_Codex_Starter_Kit_v1/apps/mobile_flutter/test/features/session/session_shell_layout_test.dart [E]
  Failed to load "/Users/benzo/Desktop/Topology_Codex_Starter_Kit_v1/apps/mobile_flutter/test/features/session/session_shell_layout_test.dart":
  Compilation failed for testPath=/Users/benzo/Desktop/Topology_Codex_Starter_Kit_v1/apps/mobile_flutter/test/features/session/session_shell_layout_test.dart: test/features/session/session_shell_layout_test.dart:3:8: Error: Error when reading 'lib/app/topology_app.dart': No such file or directory
  import 'package:rigwarden/app/topology_app.dart';
         ^
  test/features/session/session_shell_layout_test.dart:4:8: Error: Error when reading 'lib/features/session/session_shell.dart': No such file or directory
  import 'package:rigwarden/features/session/session_shell.dart';
         ^
  test/features/session/session_shell_layout_test.dart:9:20: Error: 'SessionDestination' isn't a type.
      destinations: <SessionDestination>[
                     ^^^^^^^^^^^^^^^^^^
  test/features/session/session_shell_layout_test.dart:10:7: Error: Method not found: 'SessionDestination'.
        SessionDestination('Session'),
        ^^^^^^^^^^^^^^^^^^
  test/features/session/session_shell_layout_test.dart:11:7: Error: Method not found: 'SessionDestination'.
        SessionDestination('Presets'),
        ^^^^^^^^^^^^^^^^^^
  test/features/session/session_shell_layout_test.dart:12:7: Error: Method not found: 'SessionDestination'.
        SessionDestination('Routing'),
        ^^^^^^^^^^^^^^^^^^
  test/features/session/session_shell_layout_test.dart:13:7: Error: Method not found: 'SessionDestination'.
        SessionDestination('Parameters'),
        ^^^^^^^^^^^^^^^^^^
  test/features/session/session_shell_layout_test.dart:14:7: Error: Method not found: 'SessionDestination'.
        SessionDestination('Performance'),
        ^^^^^^^^^^^^^^^^^^
  test/features/session/session_shell_layout_test.dart:15:7: Error: Method not found: 'SessionDestination'.
        SessionDestination('Library'),
        ^^^^^^^^^^^^^^^^^^
  test/features/session/session_shell_layout_test.dart:7:19: Error: Method not found: 'SessionShellModel'.
    const session = SessionShellModel(
                    ^^^^^^^^^^^^^^^^^
  test/features/session/session_shell_layout_test.dart:24:17: Error: Method not found: 'TopologyApp'.
            home: TopologyApp(session: session),
                  ^^^^^^^^^^^
  .
00:00 +0 -1: Some tests failed.

Failing tests:
  /Users/benzo/Desktop/Topology_Codex_Starter_Kit_v1/apps/mobile_flutter/test/features/session/session_shell_layout_test.dart: loading /Users/benzo/Desktop/Topology_Codex_Starter_Kit_v1/apps/mobile_flutter/test/features/session/session_shell_layout_test.dart
