command 1
cd apps/mobile_flutter && flutter test test/features/session/session_shell_layout_test.dart
Resolving dependencies...
Downloading packages...
  matcher 0.12.19 (0.12.20 available)
  meta 1.18.0 (1.19.0 available)
  test_api 0.7.11 (0.7.13 available)
  vector_math 2.2.0 (2.4.2 available)
Got dependencies!
4 packages have newer versions incompatible with dependency constraints.
Try `flutter pub outdated` for more information.
00:00 +0: loading /Users/benzo/Desktop/Topology_Codex_Starter_Kit_v1/apps/mobile_flutter/test/features/session/session_shell_layout_test.dart
00:00 +0: session shell adapts without hiding editor destinations
00:00 +1: All tests passed!
command 2
cd apps/mobile_flutter && flutter test
(eval):cd:1: no such file or directory: apps/mobile_flutter
rerun note: first attempt command 2 used a relative cd after command 1 changed shell cwd; no test ran for that attempt. Corrected each command into a subshell below.
rerun command 1
cd /Users/benzo/Desktop/Topology_Codex_Starter_Kit_v1/apps/mobile_flutter && flutter test test/features/session/session_shell_layout_test.dart
Resolving dependencies...
Downloading packages...
  matcher 0.12.19 (0.12.20 available)
  meta 1.18.0 (1.19.0 available)
  test_api 0.7.11 (0.7.13 available)
  vector_math 2.2.0 (2.4.2 available)
Got dependencies!
direct rerun note: the redirected Flutter process did not complete under the shared runner and was terminated before a status could be written; the four commands below were rerun directly and each status was captured.
direct command 1
cd apps/mobile_flutter && flutter test test/features/session/session_shell_layout_test.dart
Resolving dependencies...
Downloading packages...
  matcher 0.12.19 (0.12.20 available)
  meta 1.18.0 (1.19.0 available)
  test_api 0.7.11 (0.7.13 available)
  vector_math 2.2.0 (2.4.2 available)
Got dependencies!
4 packages have newer versions incompatible with dependency constraints.
Try `flutter pub outdated` for more information.
00:00 +0: loading /Users/benzo/Desktop/Topology_Codex_Starter_Kit_v1/apps/mobile_flutter/test/features/session/session_shell_layout_test.dart
00:00 +0: session shell adapts without hiding editor destinations
00:00 +1: All tests passed!
exit status: 0
post-revert direct command 1
cd apps/mobile_flutter && flutter test test/features/session/session_shell_layout_test.dart
Resolving dependencies...
Downloading packages...
  matcher 0.12.19 (0.12.20 available)
  meta 1.18.0 (1.19.0 available)
  test_api 0.7.11 (0.7.13 available)
  vector_math 2.2.0 (2.4.2 available)
Got dependencies!
4 packages have newer versions incompatible with dependency constraints.
Try `flutter pub outdated` for more information.
00:00 +0: loading /Users/benzo/Desktop/Topology_Codex_Starter_Kit_v1/apps/mobile_flutter/test/features/session/session_shell_layout_test.dart
00:00 +0: session shell adapts without hiding editor destinations
00:00 +1: All tests passed!
exit status: 0
post-revert direct command 2
cd apps/mobile_flutter && flutter test
Resolving dependencies...
Downloading packages...
  matcher 0.12.19 (0.12.20 available)
  meta 1.18.0 (1.19.0 available)
  test_api 0.7.11 (0.7.13 available)
  vector_math 2.2.0 (2.4.2 available)
Got dependencies!
4 packages have newer versions incompatible with dependency constraints.
Try `flutter pub outdated` for more information.
00:00 +0: loading /Users/benzo/Desktop/Topology_Codex_Starter_Kit_v1/apps/mobile_flutter/test/core/bridge/device_identity_test.dart
00:00 +0: /Users/benzo/Desktop/Topology_Codex_Starter_Kit_v1/apps/mobile_flutter/test/core/bridge/device_identity_test.dart: typed device identity round trips from Rust
00:05 +1: /Users/benzo/Desktop/Topology_Codex_Starter_Kit_v1/apps/mobile_flutter/test/harness_test.dart: minimal app mounts
00:08 +2: /Users/benzo/Desktop/Topology_Codex_Starter_Kit_v1/apps/mobile_flutter/test/features/session/session_shell_layout_test.dart: session shell adapts without hiding editor destinations
00:09 +3: All tests passed!
exit status: 0
post-revert direct command 3
cd apps/mobile_flutter && flutter analyze
Resolving dependencies...
Downloading packages...
  matcher 0.12.19 (0.12.20 available)
  meta 1.18.0 (1.19.0 available)
  test_api 0.7.11 (0.7.13 available)
  vector_math 2.2.0 (2.4.2 available)
Got dependencies!
4 packages have newer versions incompatible with dependency constraints.
Try `flutter pub outdated` for more information.
Analyzing mobile_flutter...
No issues found! (ran in 33.3s)
exit status: 0
post-revert direct command 4
cd apps/mobile_flutter && dart format --output=none --set-exit-if-changed .
Formatted 29 files (0 changed) in 0.03s.
exit status: 0
direct command 2
cd apps/mobile_flutter && flutter test
Resolving dependencies...
Downloading packages...
  matcher 0.12.19 (0.12.20 available)
  meta 1.18.0 (1.19.0 available)
  test_api 0.7.11 (0.7.13 available)
  vector_math 2.2.0 (2.4.2 available)
Got dependencies!
4 packages have newer versions incompatible with dependency constraints.
Try `flutter pub outdated` for more information.
00:00 +0: loading /Users/benzo/Desktop/Topology_Codex_Starter_Kit_v1/apps/mobile_flutter/test/core/bridge/device_identity_test.dart
00:00 +0: /Users/benzo/Desktop/Topology_Codex_Starter_Kit_v1/apps/mobile_flutter/test/core/bridge/device_identity_test.dart: typed device identity round trips from Rust
00:05 +1: /Users/benzo/Desktop/Topology_Codex_Starter_Kit_v1/apps/mobile_flutter/test/harness_test.dart: minimal app mounts
00:07 +2: /Users/benzo/Desktop/Topology_Codex_Starter_Kit_v1/apps/mobile_flutter/test/features/session/session_shell_layout_test.dart: session shell adapts without hiding editor destinations
00:07 +3: All tests passed!
exit status: 0
direct command 3
cd apps/mobile_flutter && flutter analyze
Resolving dependencies...
Downloading packages...
  matcher 0.12.19 (0.12.20 available)
  meta 1.18.0 (1.19.0 available)
  test_api 0.7.11 (0.7.13 available)
  vector_math 2.2.0 (2.4.2 available)
Got dependencies!
4 packages have newer versions incompatible with dependency constraints.
Try `flutter pub outdated` for more information.
Analyzing mobile_flutter...
No issues found! (ran in 36.0s)
exit status: 0
direct command 4
cd apps/mobile_flutter && dart format --output=none --set-exit-if-changed .
Formatted 29 files (0 changed) in 0.03 seconds.
exit status: 0
4 packages have newer versions incompatible with dependency constraints.
Try `flutter pub outdated` for more information.
00:00 +0: loading /Users/benzo/Desktop/Topology_Codex_Starter_Kit_v1/apps/mobile_flutter/test/features/session/session_shell_layout_test.dart
No tests ran.
post-refactor direct command 1
cd apps/mobile_flutter && flutter test test/features/session/session_shell_layout_test.dart
Resolving dependencies...
Downloading packages...
  matcher 0.12.19 (0.12.20 available)
  meta 1.18.0 (1.19.0 available)
  test_api 0.7.11 (0.7.13 available)
  vector_math 2.2.0 (2.4.2 available)
Got dependencies!
4 packages have newer versions incompatible with dependency constraints.
Try `flutter pub outdated` for more information.
00:00 +0: loading /Users/benzo/Desktop/Topology_Codex_Starter_Kit_v1/apps/mobile_flutter/test/features/session/session_shell_layout_test.dart
00:00 +0: session shell adapts without hiding editor destinations
00:00 +1: All tests passed!
exit status: 0
post-refactor direct command 2
cd apps/mobile_flutter && flutter test
Resolving dependencies...
Downloading packages...
  matcher 0.12.19 (0.12.20 available)
  meta 1.18.0 (1.19.0 available)
  test_api 0.7.11 (0.7.13 available)
  vector_math 2.2.0 (2.4.2 available)
Got dependencies!
4 packages have newer versions incompatible with dependency constraints.
Try `flutter pub outdated` for more information.
00:00 +0: loading /Users/benzo/Desktop/Topology_Codex_Starter_Kit_v1/apps/mobile_flutter/test/core/bridge/device_identity_test.dart
00:00 +0: /Users/benzo/Desktop/Topology_Codex_Starter_Kit_v1/apps/mobile_flutter/test/core/bridge/device_identity_test.dart: typed device identity round trips from Rust
00:04 +1: /Users/benzo/Desktop/Topology_Codex_Starter_Kit_v1/apps/mobile_flutter/test/harness_test.dart: minimal app mounts
00:08 +2: /Users/benzo/Desktop/Topology_Codex_Starter_Kit_v1/apps/mobile_flutter/test/features/session/session_shell_layout_test.dart: session shell adapts without hiding editor destinations
00:08 +3: All tests passed!
exit status: 0
post-refactor direct command 3
cd apps/mobile_flutter && flutter analyze
Resolving dependencies...
Downloading packages...
  matcher 0.12.19 (0.12.20 available)
  meta 1.18.0 (1.19.0 available)
  test_api 0.7.11 (0.7.13 available)
  vector_math 2.2.0 (2.4.2 available)
Got dependencies!
4 packages have newer versions incompatible with dependency constraints.
Try `flutter pub outdated` for more information.
Analyzing mobile_flutter...
No issues found! (ran in 47.0s)
exit status: 0
post-refactor direct command 4
cd apps/mobile_flutter && dart format --output=none --set-exit-if-changed .
Formatted 29 files (0 changed) in 0.02s.
exit status: 0
