$ cargo test -p topology-domain
    Finished `test` profile [unoptimized + debuginfo] target(s) in 0.03s
     Running unittests src/lib.rs (target/debug/deps/topology_domain-99e3311830c6fd81)

running 0 tests

test result: ok. 0 passed; 0 failed; 0 ignored; 0 measured; 0 filtered out; finished in 0.00s

     Running tests/device_family_id.rs (target/debug/deps/device_family_id-5a19de3267e5069d)

running 1 test
test blank_device_family_id_is_rejected ... ok

test result: ok. 1 passed; 0 failed; 0 ignored; 0 measured; 0 filtered out; finished in 0.00s

     Running tests/firmware_id.rs (target/debug/deps/firmware_id-3acdf9fb169da496)

running 1 test
test firmware_id_preserves_nonblank_vendor_text ... ok

test result: ok. 1 passed; 0 failed; 0 ignored; 0 measured; 0 filtered out; finished in 0.00s

     Running tests/harness.rs (target/debug/deps/harness-d012a4a7d28c0870)

running 1 test
test harness_compiles ... ok

test result: ok. 1 passed; 0 failed; 0 ignored; 0 measured; 0 filtered out; finished in 0.00s

   Doc-tests topology_domain

running 0 tests

test result: ok. 0 passed; 0 failed; 0 ignored; 0 measured; 0 filtered out; finished in 0.00s

exit_status: 0

$ cargo fmt --all -- --check
exit_status: 0

$ cargo clippy -p topology-domain --all-targets -- -D warnings
    Finished `dev` profile [unoptimized + debuginfo] target(s) in 0.03s
exit_status: 0
