=== 1. public commit identity ===
4135735288120240d4b8d6461dff460c5c244218

=== 2. focused test ===
    Finished `test` profile [unoptimized + debuginfo] target(s) in 3.04s
     Running tests/asset_policy.rs (target/debug/deps/asset_policy-463b93a59fa8d272)

running 1 test
test production_svg_asset_is_rejected ... ok

test result: ok. 1 passed; 0 failed; 0 ignored; 0 measured; 0 filtered out; finished in 0.00s

=== 3. package tests ===
    Finished `test` profile [unoptimized + debuginfo] target(s) in 0.00s
     Running tests/asset_policy.rs (target/debug/deps/asset_policy-463b93a59fa8d272)
test production_svg_asset_is_rejected ... ok
     Running tests/evidence_validation.rs (target/debug/deps/evidence_validation-105bef23debfb9b2)
test completed_evidence_without_red_log_is_rejected ... ok
     Running tests/fixture_validation.rs (target/debug/deps/fixture_validation-c34b2571a517950e)
test fixture_without_redistribution_permission_is_rejected ... ok
     Running tests/work_item_validation.rs (target/debug/deps/work_item_validation-e75870aa92cb986b)
test missing_id_is_rejected ... ok
test valid_companion_packet_is_accepted ... ok

test result: ok. 5 passed; 0 failed; 0 ignored; 0 measured; 0 filtered out; finished in 0.00s

=== 4. cargo fmt --all -- --check ===

=== 5. cargo clippy -p topology-devtools --all-targets -- -D warnings ===
    Finished `dev` profile [unoptimized + debuginfo] target(s) in 0.03s
