Resolving dependencies...
Downloading packages...
  matcher 0.12.19 (0.12.20 available)
  meta 1.18.0 (1.19.0 available)
  test_api 0.7.11 (0.7.13 available)
  vector_math 2.2.0 (2.4.2 available)
Got dependencies!
4 packages have newer versions incompatible with dependency constraints.
Try `flutter pub outdated` for more information.
00:00 +0: loading /Users/benzo/Desktop/Topology_Codex_Starter_Kit_v1/apps/mobile_flutter/test/core/bridge/serial_route_test.dart
test/core/bridge/serial_route_test.dart:9:28: Error: Method not found: 'readFixtureSerialRouteSnapshot'.
    final snapshot = await readFixtureSerialRouteSnapshot();
                           ^^^^^^^^^^^^^^^^^^^^^^^^^^^^^^
00:00 +0 -1: loading /Users/benzo/Desktop/Topology_Codex_Starter_Kit_v1/apps/mobile_flutter/test/core/bridge/serial_route_test.dart [E]
  Failed to load "/Users/benzo/Desktop/Topology_Codex_Starter_Kit_v1/apps/mobile_flutter/test/core/bridge/serial_route_test.dart":
  Compilation failed for testPath=/Users/benzo/Desktop/Topology_Codex_Starter_Kit_v1/apps/mobile_flutter/test/core/bridge/serial_route_test.dart: test/core/bridge/serial_route_test.dart:9:28: Error: Method not found: 'readFixtureSerialRouteSnapshot'.
      final snapshot = await readFixtureSerialRouteSnapshot();
                             ^^^^^^^^^^^^^^^^^^^^^^^^^^^^^^
  .
00:00 +0 -1: Some tests failed.

Failing tests:
  /Users/benzo/Desktop/Topology_Codex_Starter_Kit_v1/apps/mobile_flutter/test/core/bridge/serial_route_test.dart: loading /Users/benzo/Desktop/Topology_Codex_Starter_Kit_v1/apps/mobile_flutter/test/core/bridge/serial_route_test.dart
