
===== 1 cargo test -p topology-bridge =====
argv: cargo test -p topology-bridge
   Compiling topology-bridge v0.1.0 (/Users/benzo/Desktop/Topology_Codex_Starter_Kit_v1/crates/topology_bridge)
    Finished `test` profile [unoptimized + debuginfo] target(s) in 0.86s
     Running unittests src/lib.rs (target/debug/deps/topology_bridge-47cde93ee03f261b)

running 0 tests

test result: ok. 0 passed; 0 failed; 0 ignored; 0 measured; 0 filtered out; finished in 0.00s

     Running tests/serial_route.rs (target/debug/deps/serial_route-b8757abb0531bbd2)

running 1 test
test rust_authored_serial_route_snapshot_is_stable ... ok

test result: ok. 1 passed; 0 failed; 0 ignored; 0 measured; 0 filtered out; finished in 0.00s

   Doc-tests topology_bridge

running 0 tests

test result: ok. 0 passed; 0 failed; 0 ignored; 0 measured; 0 filtered out; finished in 0.00s

COMMAND_EXIT_STATUS=0

===== 2 cargo test -p topology-routing =====
argv: cargo test -p topology-routing
    Finished `test` profile [unoptimized + debuginfo] target(s) in 0.01s
     Running unittests src/lib.rs (target/debug/deps/topology_routing-c46a3f50ed30d218)

running 0 tests

test result: ok. 0 passed; 0 failed; 0 ignored; 0 measured; 0 filtered out; finished in 0.00s

     Running tests/cycle.rs (target/debug/deps/cycle-0dcea2d7460afc65)

running 1 test
test prohibited_cycle_is_rejected_without_mutating_graph ... ok

test result: ok. 1 passed; 0 failed; 0 ignored; 0 measured; 0 filtered out; finished in 0.00s

     Running tests/missing_endpoint.rs (target/debug/deps/missing_endpoint-192dfdf7898586ca)

running 1 test
test missing_source_connection_is_rejected_without_mutation ... ok

test result: ok. 1 passed; 0 failed; 0 ignored; 0 measured; 0 filtered out; finished in 0.00s

     Running tests/node_identity.rs (target/debug/deps/node_identity-36d2c0a98f51d599)

running 1 test
test moving_a_node_preserves_its_stable_identity ... ok

test result: ok. 1 passed; 0 failed; 0 ignored; 0 measured; 0 filtered out; finished in 0.00s

     Running tests/serial_connection.rs (target/debug/deps/serial_connection-da1b714fc803dd8f)

running 3 tests
test output_to_output_connection_is_rejected_before_mutation ... ok
test connection_direction_is_enforced_before_mutation ... ok
test valid_serial_connection_is_queryable_from_both_ends ... ok

test result: ok. 3 passed; 0 failed; 0 ignored; 0 measured; 0 filtered out; finished in 0.00s

     Running tests/traversal.rs (target/debug/deps/traversal-e31094a548ebb470)

running 1 test
test topological_traversal_is_deterministic_across_insertion_order ... ok

test result: ok. 1 passed; 0 failed; 0 ignored; 0 measured; 0 filtered out; finished in 0.00s

   Doc-tests topology_routing

running 0 tests

test result: ok. 0 passed; 0 failed; 0 ignored; 0 measured; 0 filtered out; finished in 0.00s

COMMAND_EXIT_STATUS=0

===== 3 CARGO_TARGET_DIR=crates/topology_bridge/target cargo build -p topology-bridge --release =====
argv: env CARGO_TARGET_DIR=crates/topology_bridge/target cargo build -p topology-bridge --release
    Finished `release` profile [optimized] target(s) in 0.05s
COMMAND_EXIT_STATUS=0

===== 4 cd apps/mobile_flutter && flutter test test/core/bridge/serial_route_test.dart =====
argv: zsh -lc cd\ apps/mobile_flutter\ \&\&\ flutter\ test\ test/core/bridge/serial_route_test.dart
Resolving dependencies...
Downloading packages...
  matcher 0.12.19 (0.12.20 available)
  meta 1.18.0 (1.19.0 available)
  test_api 0.7.11 (0.7.13 available)
  vector_math 2.2.0 (2.4.2 available)
Got dependencies!
4 packages have newer versions incompatible with dependency constraints.
Try `flutter pub outdated` for more information.
00:00 +0: loading /Users/benzo/Desktop/Topology_Codex_Starter_Kit_v1/apps/mobile_flutter/test/core/bridge/serial_route_test.dart
00:00 +0: typed serial route snapshot round trips from Rust
00:00 +1: All tests passed!
COMMAND_EXIT_STATUS=0

===== 5 cd apps/mobile_flutter && flutter analyze =====
argv: zsh -lc cd\ apps/mobile_flutter\ \&\&\ flutter\ analyze
Resolving dependencies...
Downloading packages...
  matcher 0.12.19 (0.12.20 available)
  meta 1.18.0 (1.19.0 available)
  test_api 0.7.11 (0.7.13 available)
  vector_math 2.2.0 (2.4.2 available)
Got dependencies!
4 packages have newer versions incompatible with dependency constraints.
Try `flutter pub outdated` for more information.
Analyzing mobile_flutter...                                     
No issues found! (ran in 28.3s)
COMMAND_EXIT_STATUS=0

===== 6 cargo fmt --all -- --check =====
argv: cargo fmt --all -- --check
Diff in /Users/benzo/Desktop/Topology_Codex_Starter_Kit_v1/crates/topology_bridge/src/api/mod.rs:105:
         .expect("fixture input node should insert");
 
     graph
-        .connect(
-            serial_port("Input 1", "out"),
-            serial_port("Drive 1", "in"),
-        )
+        .connect(serial_port("Input 1", "out"), serial_port("Drive 1", "in"))
         .expect("fixture input-to-drive connection should be valid");
     graph
-        .connect(
-            serial_port("Drive 1", "out"),
-            serial_port("Output 1", "in"),
-        )
+        .connect(serial_port("Drive 1", "out"), serial_port("Output 1", "in"))
         .expect("fixture drive-to-output connection should be valid");
 
     let traversal = graph.topological_traversal();
Diff in /Users/benzo/Desktop/Topology_Codex_Starter_Kit_v1/crates/topology_bridge/src/api/mod.rs:148:
         })
         .collect();
 
-    SerialRouteSnapshot {
-        nodes,
-        connections,
-    }
+    SerialRouteSnapshot { nodes, connections }
 }
 
-fn serial_node<const N: usize>(
-    id: &str,
-    position: GridPosition,
-    ports: [Port; N],
-) -> Node {
-    Node::with_ports(NodeId::new(id), position, ports)
-        .expect("fixture node ports should be unique")
+fn serial_node<const N: usize>(id: &str, position: GridPosition, ports: [Port; N]) -> Node {
+    Node::with_ports(NodeId::new(id), position, ports).expect("fixture node ports should be unique")
 }
 
 fn serial_port(node_id: &str, port_id: &str) -> PortRef {
Diff in /Users/benzo/Desktop/Topology_Codex_Starter_Kit_v1/crates/topology_bridge/tests/serial_route.rs:1:
-use topology_bridge::api::{
-    read_fixture_serial_route_snapshot, SerialRouteConnection,
-};
+use topology_bridge::api::{read_fixture_serial_route_snapshot, SerialRouteConnection};
 
 #[test]
 fn rust_authored_serial_route_snapshot_is_stable() {
Diff in /Users/benzo/Desktop/Topology_Codex_Starter_Kit_v1/crates/topology_bridge/tests/serial_route.rs:36:
         vec![input_to_drive.clone(), drive_to_output.clone()]
     );
     assert!(first.nodes[0].incoming_connections.is_empty());
-    assert_eq!(first.nodes[0].outgoing_connections, vec![input_to_drive.clone()]);
+    assert_eq!(
+        first.nodes[0].outgoing_connections,
+        vec![input_to_drive.clone()]
+    );
     assert_eq!(first.nodes[1].incoming_connections, vec![input_to_drive]);
-    assert_eq!(first.nodes[1].outgoing_connections, vec![drive_to_output.clone()]);
+    assert_eq!(
+        first.nodes[1].outgoing_connections,
+        vec![drive_to_output.clone()]
+    );
     assert_eq!(first.nodes[2].incoming_connections, vec![drive_to_output]);
     assert!(first.nodes[2].outgoing_connections.is_empty());
 }
COMMAND_EXIT_STATUS=1
