Attempt 1 (fail-fast):

$ cargo test -p topology-simulator
    Finished `test` profile [unoptimized + debuginfo] target(s) in 0.01s
    Running unittests src/lib.rs
running 0 tests
test result: ok. 0 passed; 0 failed; 0 ignored; 0 measured; 0 filtered out; finished in 0.00s
    Running tests/request_response.rs
running 1 test
test scripted_exchange_correlates_expected_response ... ok
test result: ok. 1 passed; 0 failed; 0 ignored; 0 measured; 0 filtered out; finished in 0.00s
Doc-tests topology_simulator: ok (0 tests)

$ cargo test -p topology-command-engine
    Finished `test` profile [unoptimized + debuginfo] target(s) in 0.01s
    Running unittests src/lib.rs
running 0 tests
test result: ok. 0 passed; 0 failed; 0 ignored; 0 measured; 0 filtered out; finished in 0.00s
    Running tests/deterministic_plan.rs
test equivalent_mutation_sets_produce_same_operation_order ... ok
    Running tests/parameter_mutation.rs
test valid_parameter_mutation_is_typed_but_not_encoded ... ok
    Running tests/read_only.rs
test read_only_status_cannot_plan_a_write_even_if_capability_is_true ... ok
test read_only_session_cannot_plan_a_write ... ok
Doc-tests topology_command_engine: ok (0 tests)

$ cargo fmt --all -- --check
Diff in crates/topology_simulator/src/scripted_transport.rs:132:
-        self.transcript.push(TranscriptEntry::Received(response.clone()));
+        self.transcript
+            .push(TranscriptEntry::Received(response.clone()));
Diff in crates/topology_simulator/tests/request_response.rs:33:
-    assert_eq!(mismatch_simulator.transcript(), &[TranscriptEntry::Sent(unexpected)]);
+    assert_eq!(
+        mismatch_simulator.transcript(),
+        &[TranscriptEntry::Sent(unexpected)]
+    );
FORMAT_EXIT_STATUS=1

Fail-fast stopped before clippy. Formatter-only cleanup followed; focused GREEN was rerun before the final sweep.
