Attempt 1 (fail-fast) output is preserved in `sweep-preformat.log`; it passed both package test commands, failed format check with two simulator line-wrap diffs, and did not reach clippy.

Attempt 2 (final fail-fast sweep):

$ cargo test -p topology-simulator
    Finished `test` profile [unoptimized + debuginfo] target(s) in 0.01s
    Running unittests src/lib.rs (target/debug/deps/topology_simulator-0b9af973710b2a82)
running 0 tests
test result: ok. 0 passed; 0 failed; 0 ignored; 0 measured; 0 filtered out; finished in 0.00s
    Running tests/request_response.rs (target/debug/deps/request_response-e360de306ab68c71)
running 1 test
test scripted_exchange_correlates_expected_response ... ok
test result: ok. 1 passed; 0 failed; 0 ignored; 0 measured; 0 filtered out; finished in 0.00s
Doc-tests topology_simulator: ok (0 tests)

$ cargo test -p topology-command-engine
    Finished `test` profile [unoptimized + debuginfo] target(s) in 0.01s
    Running unittests src/lib.rs (target/debug/deps/topology_command_engine-ae19bf2568d195b3)
running 0 tests
test result: ok. 0 passed; 0 failed; 0 ignored; 0 measured; 0 filtered out; finished in 0.00s
    Running tests/deterministic_plan.rs: ok
    Running tests/parameter_mutation.rs: ok
    Running tests/read_only.rs: 2 tests ok
Doc-tests topology_command_engine: ok (0 tests)

$ cargo fmt --all -- --check
(no output; exit 0)

$ cargo clippy -p topology-simulator --all-targets -- -D warnings
    Checking topology-simulator v0.1.0 (/Users/benzo/Desktop/Topology_Codex_Starter_Kit_v1/crates/topology_simulator)
    Finished `dev` profile [unoptimized + debuginfo] target(s) in 0.18s
