=== 1. cargo test -p topology-domain (exit 0) ===
    Finished `test` profile [unoptimized + debuginfo] target(s) in 0.00s
     Running unittests src/lib.rs (target/debug/deps/topology_domain-99e3311830c6fd81)

running 0 tests
test result: ok. 0 passed; 0 failed; 0 ignored; 0 measured; 0 filtered out; finished in 0.00s

     Running tests/device_family_id.rs (target/debug/deps/device_family_id-5a19de3267e5069d)

running 1 test
test blank_device_family_id_is_rejected ... ok

test result: ok. 1 passed; 0 failed; 0 ignored; 0 measured; 0 filtered out; finished in 0.00s

     Running tests/device_identity.rs (target/debug/deps/device_identity-053c242b435d8b7d)

running 1 test
test device_identity_does_not_imply_write_capability ... ok

test result: ok. 1 passed; 0 failed; 0 ignored; 0 measured; 0 filtered out; finished in 0.00s

     Running tests/firmware_id.rs (target/debug/deps/firmware_id-3acdf9fb169da496)

running 1 test
test firmware_id_preserves_nonblank_vendor_text ... ok

test result: ok. 1 passed; 0 failed; 0 ignored; 0 measured; 0 filtered out; finished in 0.00s

     Running tests/harness.rs (target/debug/deps/harness-d012a4a7d28c0870)

running 1 test
test harness_compiles ... ok

test result: ok. 1 passed; 0 failed; 0 ignored; 0 measured; 0 filtered out; finished in 0.00s

   Doc-tests topology_domain

running 0 tests
test result: ok. 0 passed; 0 failed; 0 ignored; 0 measured; 0 filtered out; finished in 0.00s

=== 2. cargo fmt --all -- --check (exit 1) ===
Diff in /Users/benzo/Desktop/Topology_Codex_Starter_Kit_v1/crates/topology_devtools/src/bin/topology-devtools.rs:46:
             for error in errors {
                 eprintln!(
                     "{}: {} [{}] {}",
-                    path.display(), error.path, error.code, error.message
+                    path.display(),
+                    error.path,
+                    error.code,
+                    error.message
                 );
             }
             ExitCode::from(1)
Diff in /Users/benzo/Desktop/Topology_Codex_Starter_Kit_v1/crates/topology_devtools/tests/fixture_cli.rs:1:
-use std::{fs, path::Path, process::Command, sync::atomic::{AtomicUsize, Ordering}};
+use std::{
+    fs,
+    path::Path,
+    process::Command,
+    sync::atomic::{AtomicUsize, Ordering},
+};
Diff in /Users/benzo/Desktop/Topology_Codex_Starter_Kit_v1/crates/topology_devtools/tests/fixture_cli.rs:51:
     let binary = std::env::var("CARGO_BIN_EXE_topology-devtools")
         .expect("Cargo must expose the topology-devtools binary to integration tests");
     Command::new(binary)
-        .args(["validate-fixture", path.to_str().expect("UTF-8 fixture path")])
+        .args([
+            "validate-fixture",
+            path.to_str().expect("UTF-8 fixture path"),
+        ])
         .output()
         .expect("topology-devtools binary must run")
 }
Diff in /Users/benzo/Desktop/Topology_Codex_Starter_Kit_v1/crates/topology_devtools/tests/fixture_cli.rs:79:
         String::from_utf8_lossy(&valid.stderr)
     );
     assert_eq!(String::from_utf8_lossy(&valid.stdout), "valid\n");
-    assert!(valid.stderr.is_empty(), "valid sidecar must not emit diagnostics");
+    assert!(
+        valid.stderr.is_empty(),
+        "valid sidecar must not emit diagnostics"
+    );
 
     let invalid = run_validate_fixture(&invalid_path);
-    assert!(!invalid.status.success(), "invalid sidecar must exit nonzero");
+    assert!(
+        !invalid.status.success(),
+        "invalid sidecar must exit nonzero"
+    );
     assert_eq!(String::from_utf8_lossy(&invalid.stdout), "");
     let diagnostic = String::from_utf8_lossy(&invalid.stderr);
     assert!(diagnostic.contains("denied.yaml: redistribution.permitted"));

=== 3. rustfmt --check TOP-DOM-003 Rust files (exit 0) ===

=== 4. cargo clippy -p topology-domain --all-targets -- -D warnings (exit 0) ===
    Finished `dev` profile [unoptimized + debuginfo] target(s) in 0.06s

=== 5. rerun cargo test -p topology-domain (exit 0) ===
    Finished `test` profile [unoptimized + debuginfo] target(s) in 0.02s
     Running unittests src/lib.rs (target/debug/deps/topology_domain-99e3311830c6fd81)

running 0 tests
test result: ok. 0 passed; 0 failed; 0 ignored; 0 measured; 0 filtered out; finished in 0.00s

     Running tests/device_family_id.rs (target/debug/deps/device_family_id-5a19de3267e5069d)

running 1 test
test blank_device_family_id_is_rejected ... ok

test result: ok. 1 passed; 0 failed; 0 ignored; 0 measured; 0 filtered out; finished in 0.00s

     Running tests/device_identity.rs (target/debug/deps/device_identity-053c242b435d8b7d)

running 1 test
test device_identity_does_not_imply_write_capability ... ok

test result: ok. 1 passed; 0 failed; 0 ignored; 0 measured; 0 filtered out; finished in 0.00s

     Running tests/firmware_id.rs (target/debug/deps/firmware_id-3acdf9fb169da496)

running 1 test
test firmware_id_preserves_nonblank_vendor_text ... ok

test result: ok. 1 passed; 0 failed; 0 ignored; 0 measured; 0 filtered out; finished in 0.00s

     Running tests/harness.rs (target/debug/deps/harness-d012a4a7d28c0870)

running 1 test
test harness_compiles ... ok

test result: ok. 1 passed; 0 failed; 0 ignored; 0 measured; 0 filtered out; finished in 0.00s

   Doc-tests topology_domain

running 0 tests
test result: ok. 0 passed; 0 failed; 0 ignored; 0 measured; 0 filtered out; finished in 0.00s

=== 6. rerun cargo fmt --all -- --check (exit 0) ===

=== 7. rerun cargo clippy -p topology-domain --all-targets -- -D warnings (exit 0) ===
    Finished `dev` profile [unoptimized + debuginfo] target(s) in 0.03s
